<html>
<body>
<pre>
<h1>µVision Build Log</h1>
<h2>Tool Versions:</h2>
IDE-Version: µVision V5.37.0.0
Copyright (C) 2022 ARM Ltd and ARM Germany GmbH. All rights reserved.
License Information: Balint Bujtor, Politecnico di Torino, LIC=----
 
Tool Versions:
Toolchain:       MDK-Lite  Version: 5.37.0.0
Toolchain Path:  C:\Keil_v5\ARM\ARMCLANG5\Bin
C Compiler:      Armcc.exe V5.06 update 7 (build 960)
Assembler:       Armasm.exe V5.06 update 7 (build 960)
Linker/Locator:  ArmLink.exe V5.06 update 7 (build 960)
Library Manager: ArmAr.exe V5.06 update 7 (build 960)
Hex Converter:   FromElf.exe V5.06 update 7 (build 960)
CPU DLL:         SARMCM3.DLL V5.37.0.0
Dialog DLL:      DARMP1.DLL V1.28.1.0
Target DLL:      UL2CM3.DLL V1.164.7.0
Dialog DLL:      TARMP1.DLL V1.27.1.0
 
<h2>Project:</h2>
C:\Users\Balint\Documents\ARM\project_experiment\emptyproject\os_micrium_landtiger.uvprojx
Project File Date:  01/08/2023

<h2>Output:</h2>
*** Using Compiler 'V5.06 update 7 (build 960)', folder: 'C:\Keil_v5\ARM\ARMCLANG5\Bin'
Rebuild target 'Target 1'
Note: source file '.\bare_metal_timer\IRQ_timer.c' - object file renamed from '.\Objects\IRQ_timer.o' to '.\Objects\irq_timer_1.o'.
Note: source file '.\bare_metal_timer\lib_timer.c' - object file renamed from '.\Objects\lib_timer.o' to '.\Objects\lib_timer_1.o'.
compiling app_hooks.c...
compiling bsp_os.c...
assembling cpu_a.s...
compiling os_app_hooks.c...
compiling csp_int.c...
compiling csp.c...
compiling cpu_core.c...
compiling cpu_c.c...
compiling csp_gpio.c...
compiling main.c...
assembling lib_mem_a.asm...
compiling csp_pm.c...
compiling lib_ascii.c...
compiling csp_tmr.c...
compiling lib_math.c...
compiling bsp.c...
compiling os_cfg_app.c...
compiling lib_str.c...
compiling os_dbg.c...
compiling os_int.c...
compiling os_core.c...
compiling os_mem.c...
compiling os_mutex.c...
compiling lib_mem.c...
compiling os_msg.c...
compiling os_flag.c...
compiling os_pend_multi.c...
compiling os_prio.c...
compiling os_q.c...
compiling os_stat.c...
compiling os_sem.c...
compiling os_tick.c...
assembling os_cpu_a.s...
compiling os_tmr.c...
compiling os_var.c...
compiling os_csp.c...
compiling os_time.c...
compiling os_cpu_c.c...
compiling os_task.c...
compiling AsciiLib.c...
compiling IRQ_adc.c...
compiling lib_adc.c...
compiling funct_joystick.c...
compiling lib_joystick.c...
compiling lib_led.c...
compiling funct_led.c...
compiling IRQ_timer.c...
compiling lib_timer.c...
compiling IRQ_timer.c...
assembling startup_LPC17xx.s...
compiling lib_timer.c...
compiling GPIO_LPC17xx.c...
compiling HzLib.c...
compiling PIN_LPC17xx.c...
compiling system_LPC17xx.c...
compiling GLCD.c...
linking...
Program Size: Code=8452 RO-data=780 RW-data=344 ZI-data=27456  
".\Objects\os_micrium_landtiger.axf" - 0 Error(s), 0 Warning(s).

<h2>Software Packages used:</h2>

Package Vendor: ARM
                http://www.keil.com/pack/ARM.CMSIS.5.9.0.pack
                ARM.CMSIS.5.9.0
                CMSIS (Common Microcontroller Software Interface Standard)
   * Component: CORE Version: 5.6.0

Package Vendor: Keil
                http://www.keil.com/pack/Keil.LPC1700_DFP.2.7.1.pack
                Keil.LPC1700_DFP.2.7.1
                NXP LPC1700 Series Device Support, Drivers and Examples for MCB1700 and LPC1788-32
   * Component: GPIO Version: 1.1.0
   * Component: PIN Version: 1.0.0
   * Component: Startup Version: 1.0.0

<h2>Collection of Component include folders:</h2>
  ./RTE/Device/LPC1768
  ./RTE/_Target_1
  C:/Users/Balint/AppData/Local/Arm/Packs/ARM/CMSIS/5.9.0/CMSIS/Core/Include
  C:/Users/Balint/AppData/Local/Arm/Packs/Keil/LPC1700_DFP/2.7.1/Device/Include
  C:/Users/Balint/AppData/Local/Arm/Packs/Keil/LPC1700_DFP/2.7.1/RTE_Driver

<h2>Collection of Component Files used:</h2>

   * Component: ARM::CMSIS:CORE:5.6.0

   * Component: Keil::Device:GPIO:1.1.0
      Include file:  RTE_Driver/GPIO_LPC17xx.h
      Source file:   RTE_Driver/GPIO_LPC17xx.c

   * Component: Keil::Device:PIN:1.0.0
      Source file:   RTE_Driver/PIN_LPC17xx.c
      Include file:  RTE_Driver/PIN_LPC17xx.h

   * Component: Keil::Device:Startup:1.0.0
      Source file:   Device/Source/system_LPC17xx.c
      Include file:  Device/Include/LPC17xx.h
      Source file:   Device/Source/ARM/startup_LPC17xx.s
      Include file:  RTE_Driver/Config/RTE_Device.h
Build Time Elapsed:  00:00:04
</pre>
</body>
</html>
