Component: ARM Compiler 5.06 update 7 (build 960) Tool: armlink [4d3601]

==============================================================================

Section Cross References

    main.o(i.main) refers to system_lpc17xx.o(i.SystemInit) for SystemInit
    main.o(i.main) refers to lib_timer_1.o(i.init_timer1) for init_timer1
    main.o(i.main) refers to lib_timer_1.o(i.enable_timer1) for enable_timer1
    main.o(i.main) refers to bsp_os.o(i.BSP_IntInit) for BSP_IntInit
    main.o(i.main) refers to bsp.o(i.BSP_Start) for BSP_Start
    main.o(i.main) refers to lib_timer_1.o(i.read_timer1) for read_timer1
    main.o(i.main) refers to cpu_a.o(.text) for CPU_IntDis
    main.o(i.main) refers to cpu_core.o(i.CPU_Init) for CPU_Init
    main.o(i.main) refers to lib_mem.o(i.Mem_Init) for Mem_Init
    main.o(i.main) refers to os_core.o(i.OSInit) for OSInit
    main.o(i.main) refers to os_core.o(i.OSStart) for OSStart
    main.o(i.main) refers to main.o(.data) for correct_startup_time_w_loop
    bsp.o(i.BSP_Start) refers to csp_pm.o(i.CSP_PM_CPU_ClkFreqGet) for CSP_PM_CPU_ClkFreqGet
    bsp.o(i.BSP_Start) refers to os_cpu_c.o(i.OS_CPU_SysTickInit) for OS_CPU_SysTickInit
    bsp.o(i.BSP_Start) refers to os_cfg_app.o(.constdata) for OSCfg_TickRate_Hz
    bsp.o(i.CPU_TS32_to_uSec) refers to cpu_core.o(i.CPU_TS_TmrFreqGet) for CPU_TS_TmrFreqGet
    bsp.o(i.CPU_TS32_to_uSec) refers to lludivv7m.o(.text) for __aeabi_uldivmod
    bsp.o(i.CPU_TS_TmrInit) refers to csp_pm.o(i.CSP_PM_CPU_ClkFreqGet) for CSP_PM_CPU_ClkFreqGet
    bsp.o(i.CPU_TS_TmrInit) refers to cpu_core.o(i.CPU_TS_TmrFreqSet) for CPU_TS_TmrFreqSet
    bsp.o(i.change_frequency) refers to fflt_clz.o(x$fpl$ffltu) for __aeabi_ui2f
    bsp.o(i.change_frequency) refers to fflt_clz.o(x$fpl$fflt) for __aeabi_i2f
    bsp.o(i.change_frequency) refers to fmul.o(x$fpl$fmul) for __aeabi_fmul
    bsp.o(i.change_frequency) refers to fdiv.o(x$fpl$fdiv) for __aeabi_fdiv
    bsp.o(i.change_frequency) refers to ffixu.o(x$fpl$ffixu) for __aeabi_f2uiz
    bsp.o(i.change_frequency) refers to bsp.o(i.update_dutycycle) for update_dutycycle
    bsp.o(i.get_dutycycle) refers to fflt_clz.o(x$fpl$ffltu) for __aeabi_ui2f
    bsp.o(i.get_dutycycle) refers to fdiv.o(x$fpl$fdiv) for __aeabi_fdiv
    bsp.o(i.get_dutycycle) refers to ffix.o(x$fpl$ffix) for __aeabi_f2iz
    bsp.o(i.get_frequency) refers to fflt_clz.o(x$fpl$ffltu) for __aeabi_ui2f
    bsp.o(i.get_frequency) refers to fdiv.o(x$fpl$fdiv) for __aeabi_fdiv
    bsp.o(i.get_frequency) refers to ffix.o(x$fpl$ffix) for __aeabi_f2iz
    bsp.o(i.update_dutycycle) refers to fflt_clz.o(x$fpl$ffltu) for __aeabi_ui2f
    bsp.o(i.update_dutycycle) refers to fmul.o(x$fpl$fmul) for __aeabi_fmul
    bsp.o(i.update_dutycycle) refers to ffix.o(x$fpl$ffix) for __aeabi_f2iz
    bsp_os.o(i.BSP_IntDisable) refers to cpu_c.o(i.CPU_IntSrcDis) for CPU_IntSrcDis
    bsp_os.o(i.BSP_IntEnable) refers to cpu_c.o(i.CPU_IntSrcEn) for CPU_IntSrcEn
    bsp_os.o(i.BSP_IntInit) refers to cpu_a.o(.text) for CPU_SR_Save
    bsp_os.o(i.BSP_IntInit) refers to bsp_os.o(.bss) for VectorTbl_RAM
    bsp_os.o(i.BSP_IntVectSet) refers to bsp_os.o(.bss) for VectorTbl_RAM
    bsp_os.o(i.BSP_OS_SemCreate) refers to os_sem.o(i.OSSemCreate) for OSSemCreate
    bsp_os.o(i.BSP_OS_SemPost) refers to os_sem.o(i.OSSemPost) for OSSemPost
    bsp_os.o(i.BSP_OS_SemWait) refers to os_sem.o(i.OSSemPend) for OSSemPend
    bsp_os.o(i.BSP_OS_SemWait) refers to os_cfg_app.o(.constdata) for OSCfg_TickRate_Hz
    bsp_os.o(i.BSP_OS_TimeDlyMs) refers to os_time.o(i.OSTimeDlyHMSM) for OSTimeDlyHMSM
    cpu_c.o(i.CPU_IntSrcDis) refers to cpu_a.o(.text) for CPU_SR_Save
    cpu_c.o(i.CPU_IntSrcEn) refers to cpu_a.o(.text) for CPU_SR_Save
    cpu_c.o(i.CPU_IntSrcPendClr) refers to cpu_a.o(.text) for CPU_SR_Save
    cpu_c.o(i.CPU_IntSrcPrioGet) refers to cpu_a.o(.text) for CPU_SR_Save
    cpu_c.o(i.CPU_IntSrcPrioSet) refers to cpu_a.o(.text) for CPU_RevBits
    cpu_core.o(i.CPU_CntLeadZeros08) refers to cpu_a.o(.text) for CPU_CntLeadZeros
    cpu_core.o(i.CPU_CntLeadZeros16) refers to cpu_a.o(.text) for CPU_CntLeadZeros
    cpu_core.o(i.CPU_CntLeadZeros32) refers to cpu_a.o(.text) for CPU_CntLeadZeros
    cpu_core.o(i.CPU_CntLeadZeros64) refers to cpu_core.o(.constdata) for CPU_CntLeadZerosTbl
    cpu_core.o(i.CPU_CntTrailZeros08) refers to cpu_a.o(.text) for CPU_CntTrailZeros
    cpu_core.o(i.CPU_CntTrailZeros16) refers to cpu_a.o(.text) for CPU_CntTrailZeros
    cpu_core.o(i.CPU_CntTrailZeros32) refers to cpu_a.o(.text) for CPU_CntTrailZeros
    cpu_core.o(i.CPU_CntTrailZeros64) refers to cpu_core.o(i.CPU_CntLeadZeros64) for CPU_CntLeadZeros64
    cpu_core.o(i.CPU_Init) refers to cpu_core.o(i.CPU_TS_Init) for CPU_TS_Init
    cpu_core.o(i.CPU_Init) refers to cpu_core.o(i.CPU_NameInit) for CPU_NameInit
    cpu_core.o(i.CPU_NameClr) refers to cpu_a.o(.text) for CPU_SR_Save
    cpu_core.o(i.CPU_NameClr) refers to lib_mem.o(i.Mem_Clr) for Mem_Clr
[...]
    ../clib/angel/dczerorl2.s                0x00000000   Number         0  __dczerorl2.o ABSOLUTE
    ../clib/angel/handlers.s                 0x00000000   Number         0  __scatter_zi.o ABSOLUTE
    ../clib/angel/kernel.s                   0x00000000   Number         0  rtexit2.o ABSOLUTE
    ../clib/angel/kernel.s                   0x00000000   Number         0  __rtentry.o ABSOLUTE
    ../clib/angel/kernel.s                   0x00000000   Number         0  rtexit.o ABSOLUTE
    ../clib/angel/kernel.s                   0x00000000   Number         0  __rtentry2.o ABSOLUTE
    ../clib/angel/kernel.s                   0x00000000   Number         0  __rtentry4.o ABSOLUTE
    ../clib/angel/rt.s                       0x00000000   Number         0  aeabi_ldiv0.o ABSOLUTE
    ../clib/angel/rt.s                       0x00000000   Number         0  rt_div0.o ABSOLUTE
    ../clib/angel/rt.s                       0x00000000   Number         0  rt_raise.o ABSOLUTE
    ../clib/angel/rt.s                       0x00000000   Number         0  aeabi_ldiv0_sigfpe.o ABSOLUTE
    ../clib/angel/scatter.s                  0x00000000   Number         0  __scatter.o ABSOLUTE
    ../clib/angel/startup.s                  0x00000000   Number         0  __main.o ABSOLUTE
    ../clib/angel/sys.s                      0x00000000   Number         0  indicate_semi.o ABSOLUTE
    ../clib/angel/sys.s                      0x00000000   Number         0  sys_stackheap_outer.o ABSOLUTE
    ../clib/angel/sys.s                      0x00000000   Number         0  use_no_semi.o ABSOLUTE
    ../clib/angel/sys.s                      0x00000000   Number         0  libspace.o ABSOLUTE
    ../clib/angel/sysapp.c                   0x00000000   Number         0  sys_wrch.o ABSOLUTE
    ../clib/angel/sysapp.c                   0x00000000   Number         0  sys_exit.o ABSOLUTE
    ../clib/angel/sysapp.c                   0x00000000   Number         0  sys_command.o ABSOLUTE
    ../clib/armsys.c                         0x00000000   Number         0  _get_argv_nomalloc.o ABSOLUTE
    ../clib/armsys.c                         0x00000000   Number         0  argv_veneer.o ABSOLUTE
    ../clib/armsys.c                         0x00000000   Number         0  argv_veneer.o ABSOLUTE
    ../clib/armsys.c                         0x00000000   Number         0  no_argv.o ABSOLUTE
    ../clib/heapalloc.c                      0x00000000   Number         0  hrguard.o ABSOLUTE
    ../clib/heapaux.c                        0x00000000   Number         0  heapauxi.o ABSOLUTE
    ../clib/libinit.s                        0x00000000   Number         0  libinit2.o ABSOLUTE
    ../clib/libinit.s                        0x00000000   Number         0  libshutdown.o ABSOLUTE
    ../clib/libinit.s                        0x00000000   Number         0  libshutdown2.o ABSOLUTE
    ../clib/libinit.s                        0x00000000   Number         0  libinit.o ABSOLUTE
    ../clib/longlong.s                       0x00000000   Number         0  lludivv7m.o ABSOLUTE
    ../clib/memcpset.s                       0x00000000   Number         0  rt_memcpy_v6.o ABSOLUTE
    ../clib/memcpset.s                       0x00000000   Number         0  rt_memcpy_w.o ABSOLUTE
    ../clib/signal.c                         0x00000000   Number         0  defsig_fpe_outer.o ABSOLUTE
    ../clib/signal.c                         0x00000000   Number         0  defsig_fpe_formal.o ABSOLUTE
    ../clib/signal.c                         0x00000000   Number         0  defsig_segv_inner.o ABSOLUTE
    ../clib/signal.c                         0x00000000   Number         0  defsig_cppl_inner.o ABSOLUTE
    ../clib/signal.c                         0x00000000   Number         0  defsig_pvfn_inner.o ABSOLUTE
    ../clib/signal.c                         0x00000000   Number         0  defsig_stak_inner.o ABSOLUTE
    ../clib/signal.c                         0x00000000   Number         0  defsig_other.o ABSOLUTE
    ../clib/signal.c                         0x00000000   Number         0  defsig_rtmem_outer.o ABSOLUTE
    ../clib/signal.c                         0x00000000   Number         0  defsig_rtmem_inner.o ABSOLUTE
    ../clib/signal.c                         0x00000000   Number         0  defsig_rtred_inner.o ABSOLUTE
    ../clib/signal.c                         0x00000000   Number         0  defsig_exit.o ABSOLUTE
    ../clib/signal.c                         0x00000000   Number         0  defsig_fpe_inner.o ABSOLUTE
    ../clib/signal.c                         0x00000000   Number         0  defsig_rtmem_formal.o ABSOLUTE
    ../clib/signal.c                         0x00000000   Number         0  defsig_general.o ABSOLUTE
    ../clib/signal.c                         0x00000000   Number         0  __raise.o ABSOLUTE
    ../clib/signal.c                         0x00000000   Number         0  defsig_abrt_inner.o ABSOLUTE
    ../clib/signal.s                         0x00000000   Number         0  defsig.o ABSOLUTE
    ../clib/stdlib.c                         0x00000000   Number         0  exit.o ABSOLUTE
    ../fplib/fdiv.s                          0x00000000   Number         0  fdiv.o ABSOLUTE
    ../fplib/ffix.s                          0x00000000   Number         0  ffix.o ABSOLUTE
    ../fplib/ffixu.s                         0x00000000   Number         0  ffixu.o ABSOLUTE
    ../fplib/fflt.s                          0x00000000   Number         0  fflt_clz.o ABSOLUTE
    ../fplib/fmul.s                          0x00000000   Number         0  fmul.o ABSOLUTE
    ../fplib/fnaninf.s                       0x00000000   Number         0  fnaninf.o ABSOLUTE
    ../fplib/fpinit.s                        0x00000000   Number         0  fpinit.o ABSOLUTE
    ../fplib/fretinf.s                       0x00000000   Number         0  fretinf.o ABSOLUTE
    ../fplib/usenofp.s                       0x00000000   Number         0  usenofp.o ABSOLUTE
    Board\GLCD\AsciiLib.c                    0x00000000   Number         0  asciilib.o ABSOLUTE
    Board\GLCD\GLCD.c                        0x00000000   Number         0  glcd.o ABSOLUTE
    Board\GLCD\HzLib.c                       0x00000000   Number         0  hzlib.o ABSOLUTE
    Board\\GLCD\\GLCD.c                      0x00000000   Number         0  glcd.o ABSOLUTE
    Board\\adc\\IRQ_adc.c                    0x00000000   Number         0  irq_adc.o ABSOLUTE
    Board\\adc\\lib_adc.c                    0x00000000   Number         0  lib_adc.o ABSOLUTE
    Board\\joystick\\funct_joystick.c        0x00000000   Number         0  funct_joystick.o ABSOLUTE
    Board\\joystick\\lib_joystick.c          0x00000000   Number         0  lib_joystick.o ABSOLUTE
    Board\\led\\funct_led.c                  0x00000000   Number         0  funct_led.o ABSOLUTE
    Board\\led\\lib_led.c                    0x00000000   Number         0  lib_led.o ABSOLUTE
    Board\\timer\\IRQ_timer.c                0x00000000   Number         0  irq_timer.o ABSOLUTE
    Board\\timer\\lib_timer.c                0x00000000   Number         0  lib_timer.o ABSOLUTE
    Board\adc\IRQ_adc.c                      0x00000000   Number         0  irq_adc.o ABSOLUTE
    Board\adc\lib_adc.c                      0x00000000   Number         0  lib_adc.o ABSOLUTE
    Board\joystick\funct_joystick.c          0x00000000   Number         0  funct_joystick.o ABSOLUTE
    Board\joystick\lib_joystick.c            0x00000000   Number         0  lib_joystick.o ABSOLUTE
    Board\led\funct_led.c                    0x00000000   Number         0  funct_led.o ABSOLUTE
    Board\led\lib_led.c                      0x00000000   Number         0  lib_led.o ABSOLUTE
    Board\timer\IRQ_timer.c                  0x00000000   Number         0  irq_timer.o ABSOLUTE
    Board\timer\lib_timer.c                  0x00000000   Number         0  lib_timer.o ABSOLUTE
    C:/Users/Balint/AppData/Local/Arm/Packs/Keil/LPC1700_DFP/2.7.1/RTE_Driver/GPIO_LPC17xx.c 0x00000000   Number         0  gpio_lpc17xx.o ABSOLUTE
    C:/Users/Balint/AppData/Local/Arm/Packs/Keil/LPC1700_DFP/2.7.1/RTE_Driver/PIN_LPC17xx.c 0x00000000   Number         0  pin_lpc17xx.o ABSOLUTE
    C:\Users\Balint\AppData\Local\Arm\Packs\Keil\LPC1700_DFP\2.7.1\RTE_Driver\GPIO_LPC17xx.c 0x00000000   Number         0  gpio_lpc17xx.o ABSOLUTE
    C:\Users\Balint\AppData\Local\Arm\Packs\Keil\LPC1700_DFP\2.7.1\RTE_Driver\PIN_LPC17xx.c 0x00000000   Number         0  pin_lpc17xx.o ABSOLUTE
    RTE/Device/LPC1768/startup_LPC17xx.s     0x00000000   Number         0  startup_lpc17xx.o ABSOLUTE
    RTE/Device/LPC1768/system_LPC17xx.c      0x00000000   Number         0  system_lpc17xx.o ABSOLUTE
    RTE\Device\LPC1768\system_LPC17xx.c      0x00000000   Number         0  system_lpc17xx.o ABSOLUTE
    Software\\user\\BSP\\bsp.c               0x00000000   Number         0  bsp.o ABSOLUTE
    Software\uC-CPU\ARM-Cortex-M3\cpu_a.s    0x00000000   Number         0  cpu_a.o ABSOLUTE
    Software\uC-CPU\ARM-Cortex-M3\cpu_c.c    0x00000000   Number         0  cpu_c.o ABSOLUTE
    Software\uC-CPU\cpu_core.c               0x00000000   Number         0  cpu_core.o ABSOLUTE
    Software\uC-CSP\LPC1768\csp_gpio.c       0x00000000   Number         0  csp_gpio.o ABSOLUTE
    Software\uC-CSP\LPC1768\csp_int.c        0x00000000   Number         0  csp_int.o ABSOLUTE
    Software\uC-CSP\LPC1768\csp_pm.c         0x00000000   Number         0  csp_pm.o ABSOLUTE
    Software\uC-CSP\LPC1768\csp_tmr.c        0x00000000   Number         0  csp_tmr.o ABSOLUTE
    Software\uC-CSP\csp.c                    0x00000000   Number         0  csp.o ABSOLUTE
    Software\uC-LIB\Ports\ARM-Cortex-M3\lib_mem_a.asm 0x00000000   Number         0  lib_mem_a.o ABSOLUTE
    Software\uC-LIB\lib_ascii.c              0x00000000   Number         0  lib_ascii.o ABSOLUTE
    Software\uC-LIB\lib_math.c               0x00000000   Number         0  lib_math.o ABSOLUTE
    Software\uC-LIB\lib_mem.c                0x00000000   Number         0  lib_mem.o ABSOLUTE
    Software\uC-LIB\lib_str.c                0x00000000   Number         0  lib_str.o ABSOLUTE
    Software\uCOS-III\Ports\ARM-Cortex-M3\CSP\os_csp.c 0x00000000   Number         0  os_csp.o ABSOLUTE
    Software\uCOS-III\Ports\ARM-Cortex-M3\Generic\os_cpu_a.s 0x00000000   Number         0  os_cpu_a.o ABSOLUTE
    Software\uCOS-III\Ports\ARM-Cortex-M3\Generic\os_cpu_c.c 0x00000000   Number         0  os_cpu_c.o ABSOLUTE
    Software\uCOS-III\Source\os_cfg_app.c    0x00000000   Number         0  os_cfg_app.o ABSOLUTE
    Software\uCOS-III\Source\os_core.c       0x00000000   Number         0  os_core.o ABSOLUTE
    Software\uCOS-III\Source\os_dbg.c        0x00000000   Number         0  os_dbg.o ABSOLUTE
    Software\uCOS-III\Source\os_flag.c       0x00000000   Number         0  os_flag.o ABSOLUTE
    Software\uCOS-III\Source\os_int.c        0x00000000   Number         0  os_int.o ABSOLUTE
    Software\uCOS-III\Source\os_mem.c        0x00000000   Number         0  os_mem.o ABSOLUTE
    Software\uCOS-III\Source\os_msg.c        0x00000000   Number         0  os_msg.o ABSOLUTE
    Software\uCOS-III\Source\os_mutex.c      0x00000000   Number         0  os_mutex.o ABSOLUTE
    Software\uCOS-III\Source\os_pend_multi.c 0x00000000   Number         0  os_pend_multi.o ABSOLUTE
    Software\uCOS-III\Source\os_prio.c       0x00000000   Number         0  os_prio.o ABSOLUTE
    Software\uCOS-III\Source\os_q.c          0x00000000   Number         0  os_q.o ABSOLUTE
    Software\uCOS-III\Source\os_sem.c        0x00000000   Number         0  os_sem.o ABSOLUTE
    Software\uCOS-III\Source\os_stat.c       0x00000000   Number         0  os_stat.o ABSOLUTE
    Software\uCOS-III\Source\os_task.c       0x00000000   Number         0  os_task.o ABSOLUTE
    Software\uCOS-III\Source\os_tick.c       0x00000000   Number         0  os_tick.o ABSOLUTE
    Software\uCOS-III\Source\os_time.c       0x00000000   Number         0  os_time.o ABSOLUTE
    Software\uCOS-III\Source\os_tmr.c        0x00000000   Number         0  os_tmr.o ABSOLUTE
    Software\uCOS-III\Source\os_var.c        0x00000000   Number         0  os_var.o ABSOLUTE
    Software\user\BSP\bsp.c                  0x00000000   Number         0  bsp.o ABSOLUTE
    Software\user\BSP\bsp_os.c               0x00000000   Number         0  bsp_os.o ABSOLUTE
    Software\user\configuration_os\app_hooks.c 0x00000000   Number         0  app_hooks.o ABSOLUTE
    Software\user\configuration_os\os_app_hooks.c 0x00000000   Number         0  os_app_hooks.o ABSOLUTE
    bare_metal_timer\IRQ_timer.c             0x00000000   Number         0  irq_timer_1.o ABSOLUTE
    bare_metal_timer\\IRQ_timer.c            0x00000000   Number         0  irq_timer_1.o ABSOLUTE
    bare_metal_timer\\lib_timer.c            0x00000000   Number         0  lib_timer_1.o ABSOLUTE
    bare_metal_timer\lib_timer.c             0x00000000   Number         0  lib_timer_1.o ABSOLUTE
    dc.s                                     0x00000000   Number         0  dc.o ABSOLUTE
    main.c                                   0x00000000   Number         0  main.o ABSOLUTE
    main.c                                   0x00000000   Number         0  main.o ABSOLUTE
    !!!main                                  0x000000cc   Section        8  __main.o(!!!main)
    !!!scatter                               0x000000d4   Section       52  __scatter.o(!!!scatter)
    !!dczerorl2                              0x00000108   Section       90  __dczerorl2.o(!!dczerorl2)
    !!handler_zi                             0x00000164   Section       28  __scatter_zi.o(!!handler_zi)
    .ARM.Collect$$libinit$$00000000          0x00000180   Section        2  libinit.o(.ARM.Collect$$libinit$$00000000)
    .ARM.Collect$$libinit$$00000002          0x00000182   Section        0  libinit2.o(.ARM.Collect$$libinit$$00000002)
    .ARM.Collect$$libinit$$00000004          0x00000182   Section        0  libinit2.o(.ARM.Collect$$libinit$$00000004)
    .ARM.Collect$$libinit$$0000000A          0x00000182   Section        0  libinit2.o(.ARM.Collect$$libinit$$0000000A)
    .ARM.Collect$$libinit$$0000000C          0x00000182   Section        0  libinit2.o(.ARM.Collect$$libinit$$0000000C)
    .ARM.Collect$$libinit$$0000000E          0x00000182   Section        0  libinit2.o(.ARM.Collect$$libinit$$0000000E)
    .ARM.Collect$$libinit$$00000011          0x00000182   Section        0  libinit2.o(.ARM.Collect$$libinit$$00000011)
    .ARM.Collect$$libinit$$00000013          0x00000182   Section        0  libinit2.o(.ARM.Collect$$libinit$$00000013)
    .ARM.Collect$$libinit$$00000015          0x00000182   Section        0  libinit2.o(.ARM.Collect$$libinit$$00000015)
    .ARM.Collect$$libinit$$00000017          0x00000182   Section        0  libinit2.o(.ARM.Collect$$libinit$$00000017)
    .ARM.Collect$$libinit$$00000019          0x00000182   Section        0  libinit2.o(.ARM.Collect$$libinit$$00000019)
    .ARM.Collect$$libinit$$0000001B          0x00000182   Section        0  libinit2.o(.ARM.Collect$$libinit$$0000001B)
    .ARM.Collect$$libinit$$0000001D          0x00000182   Section        0  libinit2.o(.ARM.Collect$$libinit$$0000001D)
    .ARM.Collect$$libinit$$0000001F          0x00000182   Section        0  libinit2.o(.ARM.Collect$$libinit$$0000001F)
    .ARM.Collect$$libinit$$00000021          0x00000182   Section        0  libinit2.o(.ARM.Collect$$libinit$$00000021)
    .ARM.Collect$$libinit$$00000023          0x00000182   Section        0  libinit2.o(.ARM.Collect$$libinit$$00000023)
    .ARM.Collect$$libinit$$00000025          0x00000182   Section        0  libinit2.o(.ARM.Collect$$libinit$$00000025)
    .ARM.Collect$$libinit$$0000002C          0x00000182   Section        0  libinit2.o(.ARM.Collect$$libinit$$0000002C)
    .ARM.Collect$$libinit$$0000002E          0x00000182   Section        0  libinit2.o(.ARM.Collect$$libinit$$0000002E)
    .ARM.Collect$$libinit$$00000030          0x00000182   Section        0  libinit2.o(.ARM.Collect$$libinit$$00000030)
    .ARM.Collect$$libinit$$00000032          0x00000182   Section        0  libinit2.o(.ARM.Collect$$libinit$$00000032)
    .ARM.Collect$$libinit$$00000033          0x00000182   Section        2  libinit2.o(.ARM.Collect$$libinit$$00000033)
    .ARM.Collect$$libshutdown$$00000000      0x00000184   Section        2  libshutdown.o(.ARM.Collect$$libshutdown$$00000000)
    .ARM.Collect$$libshutdown$$00000002      0x00000186   Section        0  libshutdown2.o(.ARM.Collect$$libshutdown$$00000002)
    .ARM.Collect$$libshutdown$$00000004      0x00000186   Section        0  libshutdown2.o(.ARM.Collect$$libshutdown$$00000004)
    .ARM.Collect$$libshutdown$$00000006      0x00000186   Section        0  libshutdown2.o(.ARM.Collect$$libshutdown$$00000006)
    .ARM.Collect$$libshutdown$$00000009      0x00000186   Section        0  libshutdown2.o(.ARM.Collect$$libshutdown$$00000009)
    .ARM.Collect$$libshutdown$$0000000C      0x00000186   Section        0  libshutdown2.o(.ARM.Collect$$libshutdown$$0000000C)
    .ARM.Collect$$libshutdown$$0000000E      0x00000186   Section        0  libshutdown2.o(.ARM.Collect$$libshutdown$$0000000E)
    .ARM.Collect$$libshutdown$$00000011      0x00000186   Section        0  libshutdown2.o(.ARM.Collect$$libshutdown$$00000011)
    .ARM.Collect$$libshutdown$$00000012      0x00000186   Section        2  libshutdown2.o(.ARM.Collect$$libshutdown$$00000012)
    .ARM.Collect$$rtentry$$00000000          0x00000188   Section        0  __rtentry.o(.ARM.Collect$$rtentry$$00000000)
    .ARM.Collect$$rtentry$$00000002          0x00000188   Section        0  __rtentry2.o(.ARM.Collect$$rtentry$$00000002)
    .ARM.Collect$$rtentry$$00000004          0x00000188   Section        6  __rtentry4.o(.ARM.Collect$$rtentry$$00000004)
    .ARM.Collect$$rtentry$$00000009          0x0000018e   Section        0  __rtentry2.o(.ARM.Collect$$rtentry$$00000009)
    .ARM.Collect$$rtentry$$0000000A          0x0000018e   Section        4  __rtentry2.o(.ARM.Collect$$rtentry$$0000000A)
    .ARM.Collect$$rtentry$$0000000C          0x00000192   Section        0  __rtentry2.o(.ARM.Collect$$rtentry$$0000000C)
    .ARM.Collect$$rtentry$$0000000D          0x00000192   Section        8  __rtentry2.o(.ARM.Collect$$rtentry$$0000000D)
    .ARM.Collect$$rtexit$$00000000           0x0000019a   Section        2  rtexit.o(.ARM.Collect$$rtexit$$00000000)
    .ARM.Collect$$rtexit$$00000002           0x0000019c   Section        0  rtexit2.o(.ARM.Collect$$rtexit$$00000002)
    .ARM.Collect$$rtexit$$00000003           0x0000019c   Section        4  rtexit2.o(.ARM.Collect$$rtexit$$00000003)
    .ARM.Collect$$rtexit$$00000004           0x000001a0   Section        6  rtexit2.o(.ARM.Collect$$rtexit$$00000004)
    .text                                    0x000001a8   Section       52  cpu_a.o(.text)
    .text                                    0x000001dc   Section      132  os_cpu_a.o(.text)
    .text                                    0x00000260   Section       76  startup_lpc17xx.o(.text)
    .text                                    0x000002ac   Section        0  heapauxi.o(.text)
    .text                                    0x000002b2   Section       74  sys_stackheap_outer.o(.text)
    .ARM.__at_0x02FC                         0x000002fc   Section        4  startup_lpc17xx.o(.ARM.__at_0x02FC)
    .text                                    0x00000300   Section        0  exit.o(.text)
    .text                                    0x00000314   Section        8  libspace.o(.text)
    .text                                    0x0000031c   Section        0  sys_exit.o(.text)
    .text                                    0x00000328   Section        2  use_no_semi.o(.text)
    .text                                    0x0000032a   Section        0  indicate_semi.o(.text)
    i.ADC_IRQHandler                         0x0000032c   Section        0  irq_adc.o(i.ADC_IRQHandler)
    i.BSP_IntInit                            0x00000350   Section        0  bsp_os.o(i.BSP_IntInit)
    i.BSP_Start                              0x0000039c   Section        0  bsp.o(i.BSP_Start)
    i.CPU_Init                               0x000003b8   Section        0  cpu_core.o(i.CPU_Init)
    i.CPU_NameClr                            0x000003c4   Section        0  cpu_core.o(i.CPU_NameClr)
    i.CPU_NameInit                           0x000003f4   Section        0  cpu_core.o(i.CPU_NameInit)
    CPU_NameInit                             0x000003f5   Thumb Code     8  cpu_core.o(i.CPU_NameInit)
    i.CPU_TS_Init                            0x000003fc   Section        0  cpu_core.o(i.CPU_TS_Init)
    CPU_TS_Init                              0x000003fd   Thumb Code    14  cpu_core.o(i.CPU_TS_Init)
    i.CPU_TS_TmrFreqSet                      0x00000410   Section        0  cpu_core.o(i.CPU_TS_TmrFreqSet)
    i.CPU_TS_TmrInit                         0x0000041c   Section        0  bsp.o(i.CPU_TS_TmrInit)
    i.CPU_TS_TmrRd                           0x0000044c   Section        0  bsp.o(i.CPU_TS_TmrRd)
    i.CSP_PM_CPU_ClkFreqGet                  0x00000458   Section        0  csp_pm.o(i.CSP_PM_CPU_ClkFreqGet)
    i.Mem_Clr                                0x000004e0   Section        0  lib_mem.o(i.Mem_Clr)
    i.Mem_Init                               0x000004f4   Section        0  lib_mem.o(i.Mem_Init)
    i.Mem_Set                                0x0000053c   Section        0  lib_mem.o(i.Mem_Set)
    i.OSCfg_Init                             0x0000059e   Section        0  os_cfg_app.o(i.OSCfg_Init)
    i.OSIdleTaskHook                         0x000005a0   Section        0  os_cpu_c.o(i.OSIdleTaskHook)
    i.OSInit                                 0x000005a4   Section        0  os_core.o(i.OSInit)
    i.OSInitHook                             0x000006a4   Section        0  os_cpu_c.o(i.OSInitHook)
    i.OSIntExit                              0x000006dc   Section        0  os_core.o(i.OSIntExit)
    i.OSSched                                0x000007c0   Section        0  os_core.o(i.OSSched)
    i.OSStart                                0x00000868   Section        0  os_core.o(i.OSStart)
    i.OSTaskCreate                           0x000008d0   Section        0  os_task.o(i.OSTaskCreate)
    i.OSTaskCreateHook                       0x00000a38   Section        0  os_cpu_c.o(i.OSTaskCreateHook)
    i.OSTaskReturnHook                       0x00000a3a   Section        0  os_cpu_c.o(i.OSTaskReturnHook)
    i.OSTaskSemPend                          0x00000a3c   Section        0  os_task.o(i.OSTaskSemPend)
    i.OSTaskSemPost                          0x00000c00   Section        0  os_task.o(i.OSTaskSemPost)
    i.OSTaskStkInit                          0x00000c24   Section        0  os_cpu_c.o(i.OSTaskStkInit)
    i.OSTaskSwHook                           0x00000ce4   Section        0  os_cpu_c.o(i.OSTaskSwHook)
    i.OSTimeDly                              0x00000d38   Section        0  os_time.o(i.OSTimeDly)
    i.OSTimeTick                             0x00000dfc   Section        0  os_time.o(i.OSTimeTick)
    i.OSTimeTickHook                         0x00000e3c   Section        0  os_cpu_c.o(i.OSTimeTickHook)
    i.OS_CPU_SysTickHandler                  0x00000e40   Section        0  os_cpu_c.o(i.OS_CPU_SysTickHandler)
    i.OS_CPU_SysTickInit                     0x00000e78   Section        0  os_cpu_c.o(i.OS_CPU_SysTickInit)
    i.OS_Dbg_Init                            0x00000ea8   Section        0  os_dbg.o(i.OS_Dbg_Init)
    i.OS_FlagInit                            0x00001018   Section        0  os_flag.o(i.OS_FlagInit)
    i.OS_IdleTask                            0x00001030   Section        0  os_core.o(i.OS_IdleTask)
    i.OS_IdleTaskInit                        0x00001068   Section        0  os_core.o(i.OS_IdleTaskInit)
    i.OS_MemInit                             0x000010d8   Section        0  os_mem.o(i.OS_MemInit)
    i.OS_MsgPoolInit                         0x000010f0   Section        0  os_msg.o(i.OS_MsgPoolInit)
    i.OS_MsgQInit                            0x0000114c   Section        0  os_msg.o(i.OS_MsgQInit)
    i.OS_Pend                                0x0000115c   Section        0  os_core.o(i.OS_Pend)
    i.OS_PendDataInit                        0x000011c4   Section        0  os_core.o(i.OS_PendDataInit)
    i.OS_PendDbgNameAdd                      0x000011ec   Section        0  os_core.o(i.OS_PendDbgNameAdd)
    i.OS_PendDbgNameRemove                   0x00001248   Section        0  os_core.o(i.OS_PendDbgNameRemove)
    i.OS_PendListInsertPrio                  0x0000126c   Section        0  os_core.o(i.OS_PendListInsertPrio)
    i.OS_PendListRemove                      0x000012d2   Section        0  os_core.o(i.OS_PendListRemove)
    i.OS_PendListRemove1                     0x00001302   Section        0  os_core.o(i.OS_PendListRemove1)
    i.OS_Post                                0x00001344   Section        0  os_core.o(i.OS_Post)
    i.OS_Post1                               0x00001404   Section        0  os_core.o(i.OS_Post1)
    i.OS_PrioGetHighest                      0x00001430   Section        0  os_prio.o(i.OS_PrioGetHighest)
    i.OS_PrioInit                            0x00001458   Section        0  os_prio.o(i.OS_PrioInit)
    i.OS_PrioInsert                          0x00001470   Section        0  os_prio.o(i.OS_PrioInsert)
    i.OS_PrioRemove                          0x00001494   Section        0  os_prio.o(i.OS_PrioRemove)
    i.OS_RdyListInit                         0x000014b8   Section        0  os_core.o(i.OS_RdyListInit)
    i.OS_RdyListInsert                       0x000014dc   Section        0  os_core.o(i.OS_RdyListInsert)
    i.OS_RdyListInsertHead                   0x00001508   Section        0  os_core.o(i.OS_RdyListInsertHead)
    i.OS_RdyListInsertTail                   0x00001548   Section        0  os_core.o(i.OS_RdyListInsertTail)
    i.OS_RdyListMoveHeadToTail               0x00001584   Section        0  os_core.o(i.OS_RdyListMoveHeadToTail)
    i.OS_RdyListRemove                       0x000015c8   Section        0  os_core.o(i.OS_RdyListRemove)
    i.OS_SchedRoundRobin                     0x00001624   Section        0  os_core.o(i.OS_SchedRoundRobin)
    i.OS_SemInit                             0x000016f4   Section        0  os_sem.o(i.OS_SemInit)
    i.OS_TaskBlock                           0x0000170c   Section        0  os_core.o(i.OS_TaskBlock)
    i.OS_TaskDbgListAdd                      0x00001744   Section        0  os_task.o(i.OS_TaskDbgListAdd)
    i.OS_TaskInit                            0x00001774   Section        0  os_task.o(i.OS_TaskInit)
    i.OS_TaskInitTCB                         0x00001794   Section        0  os_task.o(i.OS_TaskInitTCB)
    i.OS_TaskRdy                             0x00001854   Section        0  os_core.o(i.OS_TaskRdy)
    i.OS_TaskReturn                          0x00001870   Section        0  os_task.o(i.OS_TaskReturn)
    i.OS_TaskSemPost                         0x00001894   Section        0  os_task.o(i.OS_TaskSemPost)
    i.OS_TickListInit                        0x00001a58   Section        0  os_tick.o(i.OS_TickListInit)
    i.OS_TickListInsert                      0x00001a80   Section        0  os_tick.o(i.OS_TickListInsert)
    i.OS_TickListRemove                      0x00001c3c   Section        0  os_tick.o(i.OS_TickListRemove)
    i.OS_TickListUpdate                      0x00001c74   Section        0  os_tick.o(i.OS_TickListUpdate)
    i.OS_TickTask                            0x00001dfc   Section        0  os_tick.o(i.OS_TickTask)
    i.OS_TickTaskInit                        0x00001e28   Section        0  os_tick.o(i.OS_TickTaskInit)
    i.SystemInit                             0x00001ee0   Section        0  system_lpc17xx.o(i.SystemInit)
    i.TIMER0_IRQHandler                      0x00002020   Section        0  irq_timer.o(i.TIMER0_IRQHandler)
    i.TIMER1_IRQHandler                      0x00002064   Section        0  irq_timer_1.o(i.TIMER1_IRQHandler)
    i.TIMER2_IRQHandler                      0x00002080   Section        0  irq_timer.o(i.TIMER2_IRQHandler)
    i.TIMER3_IRQHandler                      0x0000208c   Section        0  irq_timer.o(i.TIMER3_IRQHandler)
    i.enable_timer                           0x000020a0   Section        0  lib_timer.o(i.enable_timer)
    i.enable_timer1                          0x000020dc   Section        0  lib_timer_1.o(i.enable_timer1)
    i.init_timer1                            0x000020e8   Section        0  lib_timer_1.o(i.init_timer1)
    i.main                                   0x00002124   Section        0  main.o(i.main)
    i.read_timer1                            0x000021c0   Section        0  lib_timer_1.o(i.read_timer1)
    .constdata                               0x000021d0   Section      164  os_cfg_app.o(.constdata)
    .constdata                               0x00002274   Section      364  os_dbg.o(.constdata)
    .bss                                     0x10000000   Section    15432  lib_mem.o(.bss)
    .data                                    0x2007c000   Section       12  main.o(.data)
    .data                                    0x2007c00c   Section        4  cpu_core.o(.data)
    .data                                    0x2007c010   Section        4  lib_mem.o(.data)
    .data                                    0x2007c014   Section        8  os_prio.o(.data)
    .data                                    0x2007c01c   Section       72  os_var.o(.data)
    .data                                    0x2007c064   Section        4  os_cpu_c.o(.data)
    .data                                    0x2007c068   Section        8  irq_adc.o(.data)
    .data                                    0x2007c070   Section      232  irq_timer.o(.data)
    ticks                                    0x2007c154   Data           4  irq_timer.o(.data)
    .bss                                     0x2007c400   Section      192  bsp_os.o(.bss)
    .bss                                     0x2007c4c0   Section       16  cpu_core.o(.bss)
    .bss                                     0x2007c4d0   Section     9376  os_cfg_app.o(.bss)
    .bss                                     0x2007e970   Section     1148  os_var.o(.bss)
    .bss                                     0x2007edec   Section       96  libspace.o(.bss)
    HEAP                                     0x2007ee50   Section        0  startup_lpc17xx.o(HEAP)
    STACK                                    0x2007ee50   Section      512  startup_lpc17xx.o(STACK)
    Heap_Mem                                 0x2007ee50   Data           0  startup_lpc17xx.o(HEAP)
    Stack_Mem                                0x2007ee50   Data         512  startup_lpc17xx.o(STACK)
    __initial_sp                             0x2007f050   Data           0  startup_lpc17xx.o(STACK)

    Global Symbols

    Symbol Name                              Value     Ov Type        Size  Object(Section)

    BuildAttributes$$THM_ISAv4$P$D$K$B$S$PE$A:L22UL41UL21$X:L11$S22US41US21$IEEE1$IW$USESV6$~STKCKD$USESV7$~SHL$OSPACE$ROPI$EBA8$UX$STANDARDLIB$REQ8$PRES8$EABIv2 0x00000000   Number         0  anon$$obj.o ABSOLUTE
    __ARM_use_no_argv                        0x00000000   Number         0  main.o ABSOLUTE
    __Vectors                                0x00000000   Data           4  startup_lpc17xx.o(RESET)
    __ARM_exceptions_init                     - Undefined Weak Reference
    __alloca_initialize                       - Undefined Weak Reference
    __arm_fini_                               - Undefined Weak Reference
    __arm_preinit_                            - Undefined Weak Reference
    __cpp_initialize__aeabi_                  - Undefined Weak Reference
    __cxa_finalize                            - Undefined Weak Reference
    __rt_locale                               - Undefined Weak Reference
    __sigvec_lookup                           - Undefined Weak Reference
    _atexit_init                              - Undefined Weak Reference
    _call_atexit_fns                          - Undefined Weak Reference
    _clock_init                               - Undefined Weak Reference
    _fp_trap_init                             - Undefined Weak Reference
    _fp_trap_shutdown                         - Undefined Weak Reference
    _get_lc_collate                           - Undefined Weak Reference
    _get_lc_ctype                             - Undefined Weak Reference
    _get_lc_monetary                          - Undefined Weak Reference
    _get_lc_numeric                           - Undefined Weak Reference
    _get_lc_time                              - Undefined Weak Reference
    _getenv_init                              - Undefined Weak Reference
    _handle_redirection                       - Undefined Weak Reference
    _init_alloc                               - Undefined Weak Reference
    _init_user_alloc                          - Undefined Weak Reference
    _initio                                   - Undefined Weak Reference
    _rand_init                                - Undefined Weak Reference
    _signal_finish                            - Undefined Weak Reference
    _signal_init                              - Undefined Weak Reference
    _terminate_alloc                          - Undefined Weak Reference
    _terminate_user_alloc                     - Undefined Weak Reference
    _terminateio                              - Undefined Weak Reference
    __main                                   0x000000cd   Thumb Code     8  __main.o(!!!main)
    __scatterload                            0x000000d5   Thumb Code     0  __scatter.o(!!!scatter)
    __scatterload_rt2                        0x000000d5   Thumb Code    44  __scatter.o(!!!scatter)
    __scatterload_rt2_thumb_only             0x000000d5   Thumb Code     0  __scatter.o(!!!scatter)
    __scatterload_null                       0x000000e3   Thumb Code     0  __scatter.o(!!!scatter)
    __decompress                             0x00000109   Thumb Code    90  __dczerorl2.o(!!dczerorl2)
    __decompress1                            0x00000109   Thumb Code     0  __dczerorl2.o(!!dczerorl2)
    __scatterload_zeroinit                   0x00000165   Thumb Code    28  __scatter_zi.o(!!handler_zi)
    __rt_lib_init                            0x00000181   Thumb Code     0  libinit.o(.ARM.Collect$$libinit$$00000000)
    __rt_lib_init_alloca_1                   0x00000183   Thumb Code     0  libinit2.o(.ARM.Collect$$libinit$$0000002E)
    __rt_lib_init_argv_1                     0x00000183   Thumb Code     0  libinit2.o(.ARM.Collect$$libinit$$0000002C)
    __rt_lib_init_atexit_1                   0x00000183   Thumb Code     0  libinit2.o(.ARM.Collect$$libinit$$0000001B)
    __rt_lib_init_clock_1                    0x00000183   Thumb Code     0  libinit2.o(.ARM.Collect$$libinit$$00000021)
    __rt_lib_init_cpp_1                      0x00000183   Thumb Code     0  libinit2.o(.ARM.Collect$$libinit$$00000032)
    __rt_lib_init_exceptions_1               0x00000183   Thumb Code     0  libinit2.o(.ARM.Collect$$libinit$$00000030)
    __rt_lib_init_fp_1                       0x00000183   Thumb Code     0  libinit2.o(.ARM.Collect$$libinit$$00000002)
    __rt_lib_init_fp_trap_1                  0x00000183   Thumb Code     0  libinit2.o(.ARM.Collect$$libinit$$0000001F)
    __rt_lib_init_getenv_1                   0x00000183   Thumb Code     0  libinit2.o(.ARM.Collect$$libinit$$00000023)
    __rt_lib_init_heap_1                     0x00000183   Thumb Code     0  libinit2.o(.ARM.Collect$$libinit$$0000000A)
    __rt_lib_init_lc_collate_1               0x00000183   Thumb Code     0  libinit2.o(.ARM.Collect$$libinit$$00000011)
    __rt_lib_init_lc_ctype_1                 0x00000183   Thumb Code     0  libinit2.o(.ARM.Collect$$libinit$$00000013)
    __rt_lib_init_lc_monetary_1              0x00000183   Thumb Code     0  libinit2.o(.ARM.Collect$$libinit$$00000015)
    __rt_lib_init_lc_numeric_1               0x00000183   Thumb Code     0  libinit2.o(.ARM.Collect$$libinit$$00000017)
    __rt_lib_init_lc_time_1                  0x00000183   Thumb Code     0  libinit2.o(.ARM.Collect$$libinit$$00000019)
    __rt_lib_init_preinit_1                  0x00000183   Thumb Code     0  libinit2.o(.ARM.Collect$$libinit$$00000004)
    __rt_lib_init_rand_1                     0x00000183   Thumb Code     0  libinit2.o(.ARM.Collect$$libinit$$0000000E)
    __rt_lib_init_return                     0x00000183   Thumb Code     0  libinit2.o(.ARM.Collect$$libinit$$00000033)
    __rt_lib_init_signal_1                   0x00000183   Thumb Code     0  libinit2.o(.ARM.Collect$$libinit$$0000001D)
    __rt_lib_init_stdio_1                    0x00000183   Thumb Code     0  libinit2.o(.ARM.Collect$$libinit$$00000025)
    __rt_lib_init_user_alloc_1               0x00000183   Thumb Code     0  libinit2.o(.ARM.Collect$$libinit$$0000000C)
    __rt_lib_shutdown                        0x00000185   Thumb Code     0  libshutdown.o(.ARM.Collect$$libshutdown$$00000000)
    __rt_lib_shutdown_cpp_1                  0x00000187   Thumb Code     0  libshutdown2.o(.ARM.Collect$$libshutdown$$00000004)
    __rt_lib_shutdown_fini_1                 0x00000187   Thumb Code     0  libshutdown2.o(.ARM.Collect$$libshutdown$$00000002)
    __rt_lib_shutdown_fp_trap_1              0x00000187   Thumb Code     0  libshutdown2.o(.ARM.Collect$$libshutdown$$00000009)
    __rt_lib_shutdown_heap_1                 0x00000187   Thumb Code     0  libshutdown2.o(.ARM.Collect$$libshutdown$$00000011)
    __rt_lib_shutdown_return                 0x00000187   Thumb Code     0  libshutdown2.o(.ARM.Collect$$libshutdown$$00000012)
    __rt_lib_shutdown_signal_1               0x00000187   Thumb Code     0  libshutdown2.o(.ARM.Collect$$libshutdown$$0000000C)
    __rt_lib_shutdown_stdio_1                0x00000187   Thumb Code     0  libshutdown2.o(.ARM.Collect$$libshutdown$$00000006)
    __rt_lib_shutdown_user_alloc_1           0x00000187   Thumb Code     0  libshutdown2.o(.ARM.Collect$$libshutdown$$0000000E)
    __rt_entry                               0x00000189   Thumb Code     0  __rtentry.o(.ARM.Collect$$rtentry$$00000000)
    __rt_entry_presh_1                       0x00000189   Thumb Code     0  __rtentry2.o(.ARM.Collect$$rtentry$$00000002)
    __rt_entry_sh                            0x00000189   Thumb Code     0  __rtentry4.o(.ARM.Collect$$rtentry$$00000004)
    __rt_entry_li                            0x0000018f   Thumb Code     0  __rtentry2.o(.ARM.Collect$$rtentry$$0000000A)
    __rt_entry_postsh_1                      0x0000018f   Thumb Code     0  __rtentry2.o(.ARM.Collect$$rtentry$$00000009)
    __rt_entry_main                          0x00000193   Thumb Code     0  __rtentry2.o(.ARM.Collect$$rtentry$$0000000D)
    __rt_entry_postli_1                      0x00000193   Thumb Code     0  __rtentry2.o(.ARM.Collect$$rtentry$$0000000C)
    __rt_exit                                0x0000019b   Thumb Code     0  rtexit.o(.ARM.Collect$$rtexit$$00000000)
    __rt_exit_ls                             0x0000019d   Thumb Code     0  rtexit2.o(.ARM.Collect$$rtexit$$00000003)
    __rt_exit_prels_1                        0x0000019d   Thumb Code     0  rtexit2.o(.ARM.Collect$$rtexit$$00000002)
    __rt_exit_exit                           0x000001a1   Thumb Code     0  rtexit2.o(.ARM.Collect$$rtexit$$00000004)
    CPU_IntDis                               0x000001a9   Thumb Code     4  cpu_a.o(.text)
    CPU_IntEn                                0x000001ad   Thumb Code     4  cpu_a.o(.text)
    CPU_SR_Save                              0x000001b1   Thumb Code     8  cpu_a.o(.text)
    CPU_SR_Restore                           0x000001b9   Thumb Code     6  cpu_a.o(.text)
    CPU_WaitForInt                           0x000001bf   Thumb Code     4  cpu_a.o(.text)
    CPU_WaitForExcept                        0x000001c3   Thumb Code     4  cpu_a.o(.text)
    CPU_CntLeadZeros                         0x000001c7   Thumb Code     6  cpu_a.o(.text)
    CPU_CntTrailZeros                        0x000001cd   Thumb Code    10  cpu_a.o(.text)
    CPU_RevBits                              0x000001d7   Thumb Code     6  cpu_a.o(.text)
    OSStartHighRdy                           0x000001dd   Thumb Code    34  os_cpu_a.o(.text)
    OS_CPU_PendSVHandler                     0x000001ff   Thumb Code    20  os_cpu_a.o(.text)
    Reset_Handler                            0x00000261   Thumb Code     4  startup_lpc17xx.o(.text)
    App_NMI_Handler                          0x00000265   Thumb Code     2  startup_lpc17xx.o(.text)
    App_HardFault_Handler                    0x00000267   Thumb Code    18  startup_lpc17xx.o(.text)
    App_MemManage_Handler                    0x00000279   Thumb Code     2  startup_lpc17xx.o(.text)
    App_BusFault_Handler                     0x0000027b   Thumb Code     2  startup_lpc17xx.o(.text)
    App_UsageFault_Handler                   0x0000027d   Thumb Code     2  startup_lpc17xx.o(.text)
    SVC_Handler                              0x0000027f   Thumb Code     2  startup_lpc17xx.o(.text)
    DebugMon_Handler                         0x00000281   Thumb Code     2  startup_lpc17xx.o(.text)
    BOD_IRQHandler                           0x00000287   Thumb Code     0  startup_lpc17xx.o(.text)
    CANActivity_IRQHandler                   0x00000287   Thumb Code     0  startup_lpc17xx.o(.text)
    CAN_IRQHandler                           0x00000287   Thumb Code     0  startup_lpc17xx.o(.text)
    DMA_IRQHandler                           0x00000287   Thumb Code     0  startup_lpc17xx.o(.text)
    EINT0_IRQHandler                         0x00000287   Thumb Code     0  startup_lpc17xx.o(.text)
    EINT1_IRQHandler                         0x00000287   Thumb Code     0  startup_lpc17xx.o(.text)
    EINT2_IRQHandler                         0x00000287   Thumb Code     0  startup_lpc17xx.o(.text)
    EINT3_IRQHandler                         0x00000287   Thumb Code     0  startup_lpc17xx.o(.text)
    ENET_IRQHandler                          0x00000287   Thumb Code     0  startup_lpc17xx.o(.text)
    I2C0_IRQHandler                          0x00000287   Thumb Code     0  startup_lpc17xx.o(.text)
    I2C1_IRQHandler                          0x00000287   Thumb Code     0  startup_lpc17xx.o(.text)
    I2C2_IRQHandler                          0x00000287   Thumb Code     0  startup_lpc17xx.o(.text)
    I2S_IRQHandler                           0x00000287   Thumb Code     0  startup_lpc17xx.o(.text)
    MCPWM_IRQHandler                         0x00000287   Thumb Code     0  startup_lpc17xx.o(.text)
    PLL0_IRQHandler                          0x00000287   Thumb Code     0  startup_lpc17xx.o(.text)
    PLL1_IRQHandler                          0x00000287   Thumb Code     0  startup_lpc17xx.o(.text)
    PWM1_IRQHandler                          0x00000287   Thumb Code     0  startup_lpc17xx.o(.text)
    QEI_IRQHandler                           0x00000287   Thumb Code     0  startup_lpc17xx.o(.text)
    RIT_IRQHandler                           0x00000287   Thumb Code     0  startup_lpc17xx.o(.text)
    RTC_IRQHandler                           0x00000287   Thumb Code     0  startup_lpc17xx.o(.text)
    SPI_IRQHandler                           0x00000287   Thumb Code     0  startup_lpc17xx.o(.text)
    SSP0_IRQHandler                          0x00000287   Thumb Code     0  startup_lpc17xx.o(.text)
    SSP1_IRQHandler                          0x00000287   Thumb Code     0  startup_lpc17xx.o(.text)
    UART0_IRQHandler                         0x00000287   Thumb Code     0  startup_lpc17xx.o(.text)
    UART1_IRQHandler                         0x00000287   Thumb Code     0  startup_lpc17xx.o(.text)
    UART2_IRQHandler                         0x00000287   Thumb Code     0  startup_lpc17xx.o(.text)
    UART3_IRQHandler                         0x00000287   Thumb Code     0  startup_lpc17xx.o(.text)
    USBActivity_IRQHandler                   0x00000287   Thumb Code     0  startup_lpc17xx.o(.text)
    USB_IRQHandler                           0x00000287   Thumb Code     0  startup_lpc17xx.o(.text)
    WDT_IRQHandler                           0x00000287   Thumb Code     0  startup_lpc17xx.o(.text)
    __user_initial_stackheap                 0x00000289   Thumb Code     0  startup_lpc17xx.o(.text)
    __use_two_region_memory                  0x000002ad   Thumb Code     2  heapauxi.o(.text)
    __rt_heap_escrow$2region                 0x000002af   Thumb Code     2  heapauxi.o(.text)
    __rt_heap_expand$2region                 0x000002b1   Thumb Code     2  heapauxi.o(.text)
    __user_setup_stackheap                   0x000002b3   Thumb Code    74  sys_stackheap_outer.o(.text)
    exit                                     0x00000301   Thumb Code    18  exit.o(.text)
    __user_libspace                          0x00000315   Thumb Code     8  libspace.o(.text)
    __user_perproc_libspace                  0x00000315   Thumb Code     0  libspace.o(.text)
    __user_perthread_libspace                0x00000315   Thumb Code     0  libspace.o(.text)
    _sys_exit                                0x0000031d   Thumb Code     8  sys_exit.o(.text)
    __I$use$semihosting                      0x00000329   Thumb Code     0  use_no_semi.o(.text)
    __use_no_semihosting_swi                 0x00000329   Thumb Code     2  use_no_semi.o(.text)
    __semihosting_library_function           0x0000032b   Thumb Code     0  indicate_semi.o(.text)
    ADC_IRQHandler                           0x0000032d   Thumb Code    22  irq_adc.o(i.ADC_IRQHandler)
    BSP_IntInit                              0x00000351   Thumb Code    66  bsp_os.o(i.BSP_IntInit)
    BSP_Start                                0x0000039d   Thumb Code    24  bsp.o(i.BSP_Start)
    CPU_Init                                 0x000003b9   Thumb Code    12  cpu_core.o(i.CPU_Init)
    CPU_NameClr                              0x000003c5   Thumb Code    42  cpu_core.o(i.CPU_NameClr)
    CPU_TS_TmrFreqSet                        0x00000411   Thumb Code     6  cpu_core.o(i.CPU_TS_TmrFreqSet)
    CPU_TS_TmrInit                           0x0000041d   Thumb Code    40  bsp.o(i.CPU_TS_TmrInit)
    CPU_TS_TmrRd                             0x0000044d   Thumb Code     6  bsp.o(i.CPU_TS_TmrRd)
    CSP_PM_CPU_ClkFreqGet                    0x00000459   Thumb Code   118  csp_pm.o(i.CSP_PM_CPU_ClkFreqGet)
    Mem_Clr                                  0x000004e1   Thumb Code    18  lib_mem.o(i.Mem_Clr)
    Mem_Init                                 0x000004f5   Thumb Code    54  lib_mem.o(i.Mem_Init)
    Mem_Set                                  0x0000053d   Thumb Code    98  lib_mem.o(i.Mem_Set)
    OSCfg_Init                               0x0000059f   Thumb Code     2  os_cfg_app.o(i.OSCfg_Init)
    OSIdleTaskHook                           0x000005a1   Thumb Code     2  os_cpu_c.o(i.OSIdleTaskHook)
    OSInit                                   0x000005a5   Thumb Code   200  os_core.o(i.OSInit)
    OSInitHook                               0x000006a5   Thumb Code    42  os_cpu_c.o(i.OSInitHook)
    OSIntExit                                0x000006dd   Thumb Code   192  os_core.o(i.OSIntExit)
    OSSched                                  0x000007c1   Thumb Code   134  os_core.o(i.OSSched)
    OSStart                                  0x00000869   Thumb Code    78  os_core.o(i.OSStart)
    OSTaskCreate                             0x000008d1   Thumb Code   340  os_task.o(i.OSTaskCreate)
    OSTaskCreateHook                         0x00000a39   Thumb Code     2  os_cpu_c.o(i.OSTaskCreateHook)
    OSTaskReturnHook                         0x00000a3b   Thumb Code     2  os_cpu_c.o(i.OSTaskReturnHook)
    OSTaskSemPend                            0x00000a3d   Thumb Code   438  os_task.o(i.OSTaskSemPend)
    OSTaskSemPost                            0x00000c01   Thumb Code    36  os_task.o(i.OSTaskSemPost)
    OSTaskStkInit                            0x00000c25   Thumb Code   188  os_cpu_c.o(i.OSTaskStkInit)
    OSTaskSwHook                             0x00000ce5   Thumb Code    74  os_cpu_c.o(i.OSTaskSwHook)
    OSTimeDly                                0x00000d39   Thumb Code   182  os_time.o(i.OSTimeDly)
    OSTimeTick                               0x00000dfd   Thumb Code    46  os_time.o(i.OSTimeTick)
    OSTimeTickHook                           0x00000e3d   Thumb Code     2  os_cpu_c.o(i.OSTimeTickHook)
    OS_CPU_SysTickHandler                    0x00000e41   Thumb Code    52  os_cpu_c.o(i.OS_CPU_SysTickHandler)
    OS_CPU_SysTickInit                       0x00000e79   Thumb Code    44  os_cpu_c.o(i.OS_CPU_SysTickInit)
    OS_Dbg_Init                              0x00000ea9   Thumb Code   128  os_dbg.o(i.OS_Dbg_Init)
    OS_FlagInit                              0x00001019   Thumb Code    14  os_flag.o(i.OS_FlagInit)
    OS_IdleTask                              0x00001031   Thumb Code    50  os_core.o(i.OS_IdleTask)
    OS_IdleTaskInit                          0x00001069   Thumb Code    66  os_core.o(i.OS_IdleTaskInit)
    OS_MemInit                               0x000010d9   Thumb Code    14  os_mem.o(i.OS_MemInit)
    OS_MsgPoolInit                           0x000010f1   Thumb Code    80  os_msg.o(i.OS_MsgPoolInit)
    OS_MsgQInit                              0x0000114d   Thumb Code    14  os_msg.o(i.OS_MsgQInit)
    OS_Pend                                  0x0000115d   Thumb Code    98  os_core.o(i.OS_Pend)
    OS_PendDataInit                          0x000011c5   Thumb Code    38  os_core.o(i.OS_PendDataInit)
    OS_PendDbgNameAdd                        0x000011ed   Thumb Code    66  os_core.o(i.OS_PendDbgNameAdd)
    OS_PendDbgNameRemove                     0x00001249   Thumb Code    30  os_core.o(i.OS_PendDbgNameRemove)
    OS_PendListInsertPrio                    0x0000126d   Thumb Code   102  os_core.o(i.OS_PendListInsertPrio)
    OS_PendListRemove                        0x000012d3   Thumb Code    48  os_core.o(i.OS_PendListRemove)
    OS_PendListRemove1                       0x00001303   Thumb Code    66  os_core.o(i.OS_PendListRemove1)
    OS_Post                                  0x00001345   Thumb Code   192  os_core.o(i.OS_Post)
    OS_Post1                                 0x00001405   Thumb Code    42  os_core.o(i.OS_Post1)
    OS_PrioGetHighest                        0x00001431   Thumb Code    36  os_prio.o(i.OS_PrioGetHighest)
    OS_PrioInit                              0x00001459   Thumb Code    20  os_prio.o(i.OS_PrioInit)
    OS_PrioInsert                            0x00001471   Thumb Code    32  os_prio.o(i.OS_PrioInsert)
    OS_PrioRemove                            0x00001495   Thumb Code    32  os_prio.o(i.OS_PrioRemove)
    OS_RdyListInit                           0x000014b9   Thumb Code    32  os_core.o(i.OS_RdyListInit)
    OS_RdyListInsert                         0x000014dd   Thumb Code    40  os_core.o(i.OS_RdyListInsert)
    OS_RdyListInsertHead                     0x00001509   Thumb Code    58  os_core.o(i.OS_RdyListInsertHead)
    OS_RdyListInsertTail                     0x00001549   Thumb Code    56  os_core.o(i.OS_RdyListInsertTail)
    OS_RdyListMoveHeadToTail                 0x00001585   Thumb Code    68  os_core.o(i.OS_RdyListMoveHeadToTail)
    OS_RdyListRemove                         0x000015c9   Thumb Code    86  os_core.o(i.OS_RdyListRemove)
    OS_SchedRoundRobin                       0x00001625   Thumb Code   190  os_core.o(i.OS_SchedRoundRobin)
    OS_SemInit                               0x000016f5   Thumb Code    14  os_sem.o(i.OS_SemInit)
    OS_TaskBlock                             0x0000170d   Thumb Code    56  os_core.o(i.OS_TaskBlock)
    OS_TaskDbgListAdd                        0x00001745   Thumb Code    42  os_task.o(i.OS_TaskDbgListAdd)
    OS_TaskInit                              0x00001775   Thumb Code    18  os_task.o(i.OS_TaskInit)
    OS_TaskInitTCB                           0x00001795   Thumb Code   178  os_task.o(i.OS_TaskInitTCB)
    OS_TaskRdy                               0x00001855   Thumb Code    28  os_core.o(i.OS_TaskRdy)
    OS_TaskReturn                            0x00001871   Thumb Code    26  os_task.o(i.OS_TaskReturn)
    OS_TaskSemPost                           0x00001895   Thumb Code   448  os_task.o(i.OS_TaskSemPost)
    OS_TickListInit                          0x00001a59   Thumb Code    32  os_tick.o(i.OS_TickListInit)
    OS_TickListInsert                        0x00001a81   Thumb Code   430  os_tick.o(i.OS_TickListInsert)
    OS_TickListRemove                        0x00001c3d   Thumb Code    56  os_tick.o(i.OS_TickListRemove)
    OS_TickListUpdate                        0x00001c75   Thumb Code   376  os_tick.o(i.OS_TickListUpdate)
    OS_TickTask                              0x00001dfd   Thumb Code    38  os_tick.o(i.OS_TickTask)
    OS_TickTaskInit                          0x00001e29   Thumb Code   128  os_tick.o(i.OS_TickTaskInit)
    SystemInit                               0x00001ee1   Thumb Code   302  system_lpc17xx.o(i.SystemInit)
    TIMER0_IRQHandler                        0x00002021   Thumb Code    54  irq_timer.o(i.TIMER0_IRQHandler)
    TIMER1_IRQHandler                        0x00002065   Thumb Code    18  irq_timer_1.o(i.TIMER1_IRQHandler)
    TIMER2_IRQHandler                        0x00002081   Thumb Code     8  irq_timer.o(i.TIMER2_IRQHandler)
    TIMER3_IRQHandler                        0x0000208d   Thumb Code    16  irq_timer.o(i.TIMER3_IRQHandler)
    enable_timer                             0x000020a1   Thumb Code    48  lib_timer.o(i.enable_timer)
    enable_timer1                            0x000020dd   Thumb Code     8  lib_timer_1.o(i.enable_timer1)
    init_timer1                              0x000020e9   Thumb Code    56  lib_timer_1.o(i.init_timer1)
    main                                     0x00002125   Thumb Code   146  main.o(i.main)
    read_timer1                              0x000021c1   Thumb Code    12  lib_timer_1.o(i.read_timer1)
    OSCfg_IdleTaskStkBasePtr                 0x000021d0   Data           4  os_cfg_app.o(.constdata)
    OSCfg_IdleTaskStkLimit                   0x000021d4   Data           4  os_cfg_app.o(.constdata)
    OSCfg_IdleTaskStkSize                    0x000021d8   Data           4  os_cfg_app.o(.constdata)
    OSCfg_IdleTaskStkSizeRAM                 0x000021dc   Data           4  os_cfg_app.o(.constdata)
    OSCfg_IntQBasePtr                        0x000021e0   Data           4  os_cfg_app.o(.constdata)
    OSCfg_IntQSize                           0x000021e4   Data           2  os_cfg_app.o(.constdata)
    OSCfg_IntQSizeRAM                        0x000021e8   Data           4  os_cfg_app.o(.constdata)
    OSCfg_IntQTaskStkBasePtr                 0x000021ec   Data           4  os_cfg_app.o(.constdata)
    OSCfg_IntQTaskStkLimit                   0x000021f0   Data           4  os_cfg_app.o(.constdata)
    OSCfg_IntQTaskStkSize                    0x000021f4   Data           4  os_cfg_app.o(.constdata)
    OSCfg_IntQTaskStkSizeRAM                 0x000021f8   Data           4  os_cfg_app.o(.constdata)
    OSCfg_ISRStkBasePtr                      0x000021fc   Data           4  os_cfg_app.o(.constdata)
    OSCfg_ISRStkSize                         0x00002200   Data           4  os_cfg_app.o(.constdata)
    OSCfg_ISRStkSizeRAM                      0x00002204   Data           4  os_cfg_app.o(.constdata)
    OSCfg_MsgPoolSize                        0x00002208   Data           2  os_cfg_app.o(.constdata)
    OSCfg_MsgPoolSizeRAM                     0x0000220c   Data           4  os_cfg_app.o(.constdata)
    OSCfg_MsgPoolBasePtr                     0x00002210   Data           4  os_cfg_app.o(.constdata)
    OSCfg_StatTaskPrio                       0x00002214   Data           1  os_cfg_app.o(.constdata)
    OSCfg_StatTaskRate_Hz                    0x00002218   Data           4  os_cfg_app.o(.constdata)
    OSCfg_StatTaskStkBasePtr                 0x0000221c   Data           4  os_cfg_app.o(.constdata)
    OSCfg_StatTaskStkLimit                   0x00002220   Data           4  os_cfg_app.o(.constdata)
    OSCfg_StatTaskStkSize                    0x00002224   Data           4  os_cfg_app.o(.constdata)
    OSCfg_StatTaskStkSizeRAM                 0x00002228   Data           4  os_cfg_app.o(.constdata)
    OSCfg_StkSizeMin                         0x0000222c   Data           4  os_cfg_app.o(.constdata)
    OSCfg_TickRate_Hz                        0x00002230   Data           4  os_cfg_app.o(.constdata)
    OSCfg_TickTaskPrio                       0x00002234   Data           1  os_cfg_app.o(.constdata)
    OSCfg_TickTaskStkBasePtr                 0x00002238   Data           4  os_cfg_app.o(.constdata)
    OSCfg_TickTaskStkLimit                   0x0000223c   Data           4  os_cfg_app.o(.constdata)
    OSCfg_TickTaskStkSize                    0x00002240   Data           4  os_cfg_app.o(.constdata)
    OSCfg_TickTaskStkSizeRAM                 0x00002244   Data           4  os_cfg_app.o(.constdata)
    OSCfg_TickWheelSize                      0x00002248   Data           2  os_cfg_app.o(.constdata)
    OSCfg_TickWheelSizeRAM                   0x0000224c   Data           4  os_cfg_app.o(.constdata)
    OSCfg_TmrTaskPrio                        0x00002250   Data           1  os_cfg_app.o(.constdata)
    OSCfg_TmrTaskRate_Hz                     0x00002254   Data           4  os_cfg_app.o(.constdata)
    OSCfg_TmrTaskStkBasePtr                  0x00002258   Data           4  os_cfg_app.o(.constdata)
    OSCfg_TmrTaskStkLimit                    0x0000225c   Data           4  os_cfg_app.o(.constdata)
    OSCfg_TmrTaskStkSize                     0x00002260   Data           4  os_cfg_app.o(.constdata)
    OSCfg_TmrTaskStkSizeRAM                  0x00002264   Data           4  os_cfg_app.o(.constdata)
    OSCfg_TmrWheelSize                       0x00002268   Data           2  os_cfg_app.o(.constdata)
    OSCfg_TmrWheelSizeRAM                    0x0000226c   Data           4  os_cfg_app.o(.constdata)
    OSCfg_DataSizeRAM                        0x00002270   Data           4  os_cfg_app.o(.constdata)
    OSDbg_DbgEn                              0x00002274   Data           1  os_dbg.o(.constdata)
    OSDbg_ArgChkEn                           0x00002275   Data           1  os_dbg.o(.constdata)
    OSDbg_AppHooksEn                         0x00002276   Data           1  os_dbg.o(.constdata)
    OSDbg_EndiannessTest                     0x00002278   Data           4  os_dbg.o(.constdata)
    OSDbg_CalledFromISRChkEn                 0x0000227c   Data           1  os_dbg.o(.constdata)
    OSDbg_FlagEn                             0x0000227d   Data           1  os_dbg.o(.constdata)
    OSDbg_FlagGrp                            0x00002280   Data          40  os_dbg.o(.constdata)
    OSDbg_FlagDelEn                          0x000022a8   Data           1  os_dbg.o(.constdata)
    OSDbg_FlagModeClrEn                      0x000022a9   Data           1  os_dbg.o(.constdata)
    OSDbg_FlagPendAbortEn                    0x000022aa   Data           1  os_dbg.o(.constdata)
    OSDbg_FlagGrpSize                        0x000022ac   Data           2  os_dbg.o(.constdata)
    OSDbg_FlagWidth                          0x000022ae   Data           2  os_dbg.o(.constdata)
    OSDbg_IntQ                               0x000022b0   Data           2  os_dbg.o(.constdata)
    OSDbg_ISRPostDeferredEn                  0x000022b2   Data           1  os_dbg.o(.constdata)
    OSDbg_Mem                                0x000022b4   Data          32  os_dbg.o(.constdata)
    OSDbg_MemEn                              0x000022d4   Data           1  os_dbg.o(.constdata)
    OSDbg_MemSize                            0x000022d6   Data           2  os_dbg.o(.constdata)
    OSDbg_MsgEn                              0x000022d8   Data           1  os_dbg.o(.constdata)
    OSDbg_MsgSize                            0x000022da   Data           2  os_dbg.o(.constdata)
    OSDbg_MsgPoolSize                        0x000022dc   Data           2  os_dbg.o(.constdata)
    OSDbg_MsgQSize                           0x000022de   Data           2  os_dbg.o(.constdata)
    OSDbg_Mutex                              0x000022e0   Data          44  os_dbg.o(.constdata)
    OSDbg_MutexEn                            0x0000230c   Data           1  os_dbg.o(.constdata)
    OSDbg_MutexDelEn                         0x0000230d   Data           1  os_dbg.o(.constdata)
    OSDbg_MutexPendAbortEn                   0x0000230e   Data           1  os_dbg.o(.constdata)
    OSDbg_MutexSize                          0x00002310   Data           2  os_dbg.o(.constdata)
    OSDbg_ObjTypeChkEn                       0x00002312   Data           1  os_dbg.o(.constdata)
    OSDbg_PendMultiEn                        0x00002313   Data           1  os_dbg.o(.constdata)
    OSDbg_PendDataSize                       0x00002314   Data           2  os_dbg.o(.constdata)
    OSDbg_PendListSize                       0x00002316   Data           2  os_dbg.o(.constdata)
    OSDbg_PendObjSize                        0x00002318   Data           2  os_dbg.o(.constdata)
    OSDbg_PrioMax                            0x0000231a   Data           2  os_dbg.o(.constdata)
    OSDbg_PrioTblSize                        0x0000231c   Data           2  os_dbg.o(.constdata)
    OSDbg_PtrSize                            0x0000231e   Data           2  os_dbg.o(.constdata)
    OSDbg_Q                                  0x00002320   Data          48  os_dbg.o(.constdata)
    OSDbg_QEn                                0x00002350   Data           1  os_dbg.o(.constdata)
    OSDbg_QDelEn                             0x00002351   Data           1  os_dbg.o(.constdata)
    OSDbg_QFlushEn                           0x00002352   Data           1  os_dbg.o(.constdata)
    OSDbg_QPendAbortEn                       0x00002353   Data           1  os_dbg.o(.constdata)
    OSDbg_QSize                              0x00002354   Data           2  os_dbg.o(.constdata)
    OSDbg_SchedRoundRobinEn                  0x00002356   Data           1  os_dbg.o(.constdata)
    OSDbg_Sem                                0x00002358   Data          40  os_dbg.o(.constdata)
    OSDbg_SemEn                              0x00002380   Data           1  os_dbg.o(.constdata)
    OSDbg_SemDelEn                           0x00002381   Data           1  os_dbg.o(.constdata)
    OSDbg_SemPendAbortEn                     0x00002382   Data           1  os_dbg.o(.constdata)
    OSDbg_SemSetEn                           0x00002383   Data           1  os_dbg.o(.constdata)
    OSDbg_SemSize                            0x00002384   Data           2  os_dbg.o(.constdata)
    OSDbg_RdyList                            0x00002386   Data           2  os_dbg.o(.constdata)
    OSDbg_RdyListSize                        0x00002388   Data           4  os_dbg.o(.constdata)
    OSDbg_StkWidth                           0x0000238c   Data           1  os_dbg.o(.constdata)
    OSDbg_StatTaskEn                         0x0000238d   Data           1  os_dbg.o(.constdata)
    OSDbg_StatTaskStkChkEn                   0x0000238e   Data           1  os_dbg.o(.constdata)
    OSDbg_TaskChangePrioEn                   0x0000238f   Data           1  os_dbg.o(.constdata)
    OSDbg_TaskDelEn                          0x00002390   Data           1  os_dbg.o(.constdata)
    OSDbg_TaskQEn                            0x00002391   Data           1  os_dbg.o(.constdata)
    OSDbg_TaskQPendAbortEn                   0x00002392   Data           1  os_dbg.o(.constdata)
    OSDbg_TaskProfileEn                      0x00002393   Data           1  os_dbg.o(.constdata)
    OSDbg_TaskRegTblSize                     0x00002394   Data           2  os_dbg.o(.constdata)
    OSDbg_TaskSemPendAbortEn                 0x00002396   Data           1  os_dbg.o(.constdata)
    OSDbg_TaskSuspendEn                      0x00002397   Data           1  os_dbg.o(.constdata)
    OSDbg_TCBSize                            0x00002398   Data           2  os_dbg.o(.constdata)
    OSDbg_TickSpokeSize                      0x0000239a   Data           2  os_dbg.o(.constdata)
    OSDbg_TimeDlyHMSMEn                      0x0000239c   Data           1  os_dbg.o(.constdata)
    OSDbg_TimeDlyResumeEn                    0x0000239d   Data           1  os_dbg.o(.constdata)
    OSDbg_TLS_TblSize                        0x0000239e   Data           2  os_dbg.o(.constdata)
    OSDbg_Tmr                                0x000023a0   Data          52  os_dbg.o(.constdata)
    OSDbg_TmrEn                              0x000023d4   Data           1  os_dbg.o(.constdata)
    OSDbg_TmrDelEn                           0x000023d5   Data           1  os_dbg.o(.constdata)
    OSDbg_TmrSize                            0x000023d6   Data           2  os_dbg.o(.constdata)
    OSDbg_TmrSpokeSize                       0x000023d8   Data           2  os_dbg.o(.constdata)
    OSDbg_VersionNbr                         0x000023da   Data           2  os_dbg.o(.constdata)
    OSDbg_DataSize                           0x000023dc   Data           4  os_dbg.o(.constdata)
    Region$$Table$$Base                      0x000023e0   Number         0  anon$$obj.o(Region$$Table)
    Region$$Table$$Limit                     0x00002410   Number         0  anon$$obj.o(Region$$Table)
    Mem_PoolHeap                             0x10000000   Data          72  lib_mem.o(.bss)
    Mem_Heap                                 0x10000048   Data       15360  lib_mem.o(.bss)
    systick_overflows                        0x2007c000   Data           4  main.o(.data)
    timer_overflows                          0x2007c004   Data           4  main.o(.data)
    correct_startup_time_w_loop              0x2007c008   Data           4  main.o(.data)
    CPU_TS_TmrFreq_Hz                        0x2007c00c   Data           4  cpu_core.o(.data)
    Mem_PoolTbl                              0x2007c010   Data           4  lib_mem.o(.data)
    OSPrioTbl                                0x2007c014   Data           8  os_prio.o(.data)
    OSIdleTaskCtr                            0x2007c01c   Data           4  os_var.o(.data)
    OSIntNestingCtr                          0x2007c020   Data           1  os_var.o(.data)
    OSRunning                                0x2007c021   Data           1  os_var.o(.data)
    OSFlagDbgListPtr                         0x2007c024   Data           4  os_var.o(.data)
    OSFlagQty                                0x2007c028   Data           2  os_var.o(.data)
    OSMemDbgListPtr                          0x2007c02c   Data           4  os_var.o(.data)
    OSMemQty                                 0x2007c030   Data           2  os_var.o(.data)
    OSPrioCur                                0x2007c032   Data           1  os_var.o(.data)
    OSPrioHighRdy                            0x2007c033   Data           1  os_var.o(.data)
    OSPrioSaved                              0x2007c034   Data           1  os_var.o(.data)
    OSSchedLockNestingCtr                    0x2007c035   Data           1  os_var.o(.data)
    OSSchedRoundRobinDfltTimeQuanta          0x2007c038   Data           4  os_var.o(.data)
    OSSchedRoundRobinEn                      0x2007c03c   Data           1  os_var.o(.data)
    OSSemDbgListPtr                          0x2007c040   Data           4  os_var.o(.data)
    OSSemQty                                 0x2007c044   Data           2  os_var.o(.data)
    OSTaskCtxSwCtr                           0x2007c048   Data           4  os_var.o(.data)
    OSTaskDbgListPtr                         0x2007c04c   Data           4  os_var.o(.data)
    OSTaskQty                                0x2007c050   Data           2  os_var.o(.data)
    OSTaskRegNextAvailID                     0x2007c052   Data           1  os_var.o(.data)
    OSTickCtr                                0x2007c054   Data           4  os_var.o(.data)
    OSTickTaskTimeMax                        0x2007c058   Data           4  os_var.o(.data)
    OSTCBCurPtr                              0x2007c05c   Data           4  os_var.o(.data)
    OSTCBHighRdyPtr                          0x2007c060   Data           4  os_var.o(.data)
    OS_CPU_ExceptStkBase                     0x2007c064   Data           4  os_cpu_c.o(.data)
    AD_current                               0x2007c068   Data           2  irq_adc.o(.data)
    AD_last                                  0x2007c06a   Data           2  irq_adc.o(.data)
    check                                    0x2007c06c   Data           4  irq_adc.o(.data)
    SinTable                                 0x2007c070   Data          90  irq_timer.o(.data)
    seq4beats                                0x2007c0cc   Data         120  irq_timer.o(.data)
    play                                     0x2007c144   Data           4  irq_timer.o(.data)
    blink_mask                               0x2007c148   Data           4  irq_timer.o(.data)
    song                                     0x2007c14c   Data           4  irq_timer.o(.data)
    note                                     0x2007c150   Data           4  irq_timer.o(.data)
    VectorTbl_RAM                            0x2007c400   Data         192  bsp_os.o(.bss)
    CPU_Name                                 0x2007c4c0   Data          16  cpu_core.o(.bss)
    OSCfg_IdleTaskStk                        0x2007c4d0   Data         512  os_cfg_app.o(.bss)
    OSCfg_ISRStk                             0x2007c6d0   Data        1024  os_cfg_app.o(.bss)
    OSCfg_MsgPool                            0x2007cad0   Data        7200  os_cfg_app.o(.bss)
    OSCfg_TickTaskStk                        0x2007e6f0   Data         512  os_cfg_app.o(.bss)
    OSCfg_TickWheel                          0x2007e8f0   Data         128  os_cfg_app.o(.bss)
    OSIdleTaskTCB                            0x2007e970   Data         184  os_var.o(.bss)
    OSMsgPool                                0x2007ea28   Data          12  os_var.o(.bss)
    OSRdyList                                0x2007ea34   Data         768  os_var.o(.bss)
    OSTickTaskTCB                            0x2007ed34   Data         184  os_var.o(.bss)
    __libspace_start                         0x2007edec   Data          96  libspace.o(.bss)
    __temporary_stack_top$libspace           0x2007ee4c   Data           0  libspace.o(.bss)



==============================================================================

Memory Map of the image

  Image Entry point : 0x000000cd

  Load Region LR_IROM1 (Base: 0x00000000, Size: 0x00002568, Max: 0x00080000, ABSOLUTE, COMPRESSED[0x00002490])

    Execution Region ER_IROM1 (Exec base: 0x00000000, Load base: 0x00000000, Size: 0x00002410, Max: 0x00080000, ABSOLUTE)

    Exec Addr    Load Addr    Size         Type   Attr      Idx    E Section Name        Object

    0x00000000   0x00000000   0x000000cc   Data   RO         2852    RESET               startup_lpc17xx.o
    0x000000cc   0x000000cc   0x00000008   Code   RO         2904  * !!!main             c_w.l(__main.o)
    0x000000d4   0x000000d4   0x00000034   Code   RO         3102    !!!scatter          c_w.l(__scatter.o)
    0x00000108   0x00000108   0x0000005a   Code   RO         3100    !!dczerorl2         c_w.l(__dczerorl2.o)
    0x00000162   0x00000162   0x00000002   PAD
    0x00000164   0x00000164   0x0000001c   Code   RO         3104    !!handler_zi        c_w.l(__scatter_zi.o)
    0x00000180   0x00000180   0x00000002   Code   RO         2968    .ARM.Collect$$libinit$$00000000  c_w.l(libinit.o)
    0x00000182   0x00000182   0x00000000   Code   RO         2981    .ARM.Collect$$libinit$$00000002  c_w.l(libinit2.o)
    0x00000182   0x00000182   0x00000000   Code   RO         2983    .ARM.Collect$$libinit$$00000004  c_w.l(libinit2.o)
    0x00000182   0x00000182   0x00000000   Code   RO         2986    .ARM.Collect$$libinit$$0000000A  c_w.l(libinit2.o)
    0x00000182   0x00000182   0x00000000   Code   RO         2988    .ARM.Collect$$libinit$$0000000C  c_w.l(libinit2.o)
    0x00000182   0x00000182   0x00000000   Code   RO         2990    .ARM.Collect$$libinit$$0000000E  c_w.l(libinit2.o)
    0x00000182   0x00000182   0x00000000   Code   RO         2993    .ARM.Collect$$libinit$$00000011  c_w.l(libinit2.o)
    0x00000182   0x00000182   0x00000000   Code   RO         2995    .ARM.Collect$$libinit$$00000013  c_w.l(libinit2.o)
    0x00000182   0x00000182   0x00000000   Code   RO         2997    .ARM.Collect$$libinit$$00000015  c_w.l(libinit2.o)
    0x00000182   0x00000182   0x00000000   Code   RO         2999    .ARM.Collect$$libinit$$00000017  c_w.l(libinit2.o)
    0x00000182   0x00000182   0x00000000   Code   RO         3001    .ARM.Collect$$libinit$$00000019  c_w.l(libinit2.o)
    0x00000182   0x00000182   0x00000000   Code   RO         3003    .ARM.Collect$$libinit$$0000001B  c_w.l(libinit2.o)
    0x00000182   0x00000182   0x00000000   Code   RO         3005    .ARM.Collect$$libinit$$0000001D  c_w.l(libinit2.o)
    0x00000182   0x00000182   0x00000000   Code   RO         3007    .ARM.Collect$$libinit$$0000001F  c_w.l(libinit2.o)
    0x00000182   0x00000182   0x00000000   Code   RO         3009    .ARM.Collect$$libinit$$00000021  c_w.l(libinit2.o)
    0x00000182   0x00000182   0x00000000   Code   RO         3011    .ARM.Collect$$libinit$$00000023  c_w.l(libinit2.o)
    0x00000182   0x00000182   0x00000000   Code   RO         3013    .ARM.Collect$$libinit$$00000025  c_w.l(libinit2.o)
    0x00000182   0x00000182   0x00000000   Code   RO         3017    .ARM.Collect$$libinit$$0000002C  c_w.l(libinit2.o)
    0x00000182   0x00000182   0x00000000   Code   RO         3019    .ARM.Collect$$libinit$$0000002E  c_w.l(libinit2.o)
    0x00000182   0x00000182   0x00000000   Code   RO         3021    .ARM.Collect$$libinit$$00000030  c_w.l(libinit2.o)
    0x00000182   0x00000182   0x00000000   Code   RO         3023    .ARM.Collect$$libinit$$00000032  c_w.l(libinit2.o)
    0x00000182   0x00000182   0x00000002   Code   RO         3024    .ARM.Collect$$libinit$$00000033  c_w.l(libinit2.o)
    0x00000184   0x00000184   0x00000002   Code   RO         3055    .ARM.Collect$$libshutdown$$00000000  c_w.l(libshutdown.o)
    0x00000186   0x00000186   0x00000000   Code   RO         3081    .ARM.Collect$$libshutdown$$00000002  c_w.l(libshutdown2.o)
    0x00000186   0x00000186   0x00000000   Code   RO         3083    .ARM.Collect$$libshutdown$$00000004  c_w.l(libshutdown2.o)
    0x00000186   0x00000186   0x00000000   Code   RO         3085    .ARM.Collect$$libshutdown$$00000006  c_w.l(libshutdown2.o)
    0x00000186   0x00000186   0x00000000   Code   RO         3088    .ARM.Collect$$libshutdown$$00000009  c_w.l(libshutdown2.o)
    0x00000186   0x00000186   0x00000000   Code   RO         3091    .ARM.Collect$$libshutdown$$0000000C  c_w.l(libshutdown2.o)
    0x00000186   0x00000186   0x00000000   Code   RO         3093    .ARM.Collect$$libshutdown$$0000000E  c_w.l(libshutdown2.o)
    0x00000186   0x00000186   0x00000000   Code   RO         3096    .ARM.Collect$$libshutdown$$00000011  c_w.l(libshutdown2.o)
    0x00000186   0x00000186   0x00000002   Code   RO         3097    .ARM.Collect$$libshutdown$$00000012  c_w.l(libshutdown2.o)
    0x00000188   0x00000188   0x00000000   Code   RO         2926    .ARM.Collect$$rtentry$$00000000  c_w.l(__rtentry.o)
    0x00000188   0x00000188   0x00000000   Code   RO         2939    .ARM.Collect$$rtentry$$00000002  c_w.l(__rtentry2.o)
    0x00000188   0x00000188   0x00000006   Code   RO         2951    .ARM.Collect$$rtentry$$00000004  c_w.l(__rtentry4.o)
    0x0000018e   0x0000018e   0x00000000   Code   RO         2941    .ARM.Collect$$rtentry$$00000009  c_w.l(__rtentry2.o)
    0x0000018e   0x0000018e   0x00000004   Code   RO         2942    .ARM.Collect$$rtentry$$0000000A  c_w.l(__rtentry2.o)
    0x00000192   0x00000192   0x00000000   Code   RO         2944    .ARM.Collect$$rtentry$$0000000C  c_w.l(__rtentry2.o)
    0x00000192   0x00000192   0x00000008   Code   RO         2945    .ARM.Collect$$rtentry$$0000000D  c_w.l(__rtentry2.o)
    0x0000019a   0x0000019a   0x00000002   Code   RO         2972    .ARM.Collect$$rtexit$$00000000  c_w.l(rtexit.o)
    0x0000019c   0x0000019c   0x00000000   Code   RO         3028    .ARM.Collect$$rtexit$$00000002  c_w.l(rtexit2.o)
    0x0000019c   0x0000019c   0x00000004   Code   RO         3029    .ARM.Collect$$rtexit$$00000003  c_w.l(rtexit2.o)
    0x000001a0   0x000001a0   0x00000006   Code   RO         3030    .ARM.Collect$$rtexit$$00000004  c_w.l(rtexit2.o)
    0x000001a6   0x000001a6   0x00000002   PAD
    0x000001a8   0x000001a8   0x00000034   Code   RO          437    .text               cpu_a.o
    0x000001dc   0x000001dc   0x00000084   Code   RO         2170    .text               os_cpu_a.o
    0x00000260   0x00000260   0x0000004c   Code   RO         2854    .text               startup_lpc17xx.o
    0x000002ac   0x000002ac   0x00000006   Code   RO         2902    .text               c_w.l(heapauxi.o)
    0x000002b2   0x000002b2   0x0000004a   Code   RO         2955    .text               c_w.l(sys_stackheap_outer.o)
    0x000002fc   0x000002fc   0x00000004   Code   RO         2853    .ARM.__at_0x02FC    startup_lpc17xx.o
    0x00000300   0x00000300   0x00000012   Code   RO         2957    .text               c_w.l(exit.o)
    0x00000312   0x00000312   0x00000002   PAD
    0x00000314   0x00000314   0x00000008   Code   RO         2969    .text               c_w.l(libspace.o)
    0x0000031c   0x0000031c   0x0000000c   Code   RO         3025    .text               c_w.l(sys_exit.o)
    0x00000328   0x00000328   0x00000002   Code   RO         3044    .text               c_w.l(use_no_semi.o)
    0x0000032a   0x0000032a   0x00000000   Code   RO         3046    .text               c_w.l(indicate_semi.o)
    0x0000032a   0x0000032a   0x00000002   PAD
    0x0000032c   0x0000032c   0x00000024   Code   RO         2255    i.ADC_IRQHandler    irq_adc.o
    0x00000350   0x00000350   0x0000004c   Code   RO          254    i.BSP_IntInit       bsp_os.o
    0x0000039c   0x0000039c   0x0000001c   Code   RO          121    i.BSP_Start         bsp.o
    0x000003b8   0x000003b8   0x0000000c   Code   RO          497    i.CPU_Init          cpu_core.o
    0x000003c4   0x000003c4   0x00000030   Code   RO          498    i.CPU_NameClr       cpu_core.o
    0x000003f4   0x000003f4   0x00000008   Code   RO          500    i.CPU_NameInit      cpu_core.o
    0x000003fc   0x000003fc   0x00000014   Code   RO          504    i.CPU_TS_Init       cpu_core.o
    0x00000410   0x00000410   0x0000000c   Code   RO          506    i.CPU_TS_TmrFreqSet  cpu_core.o
    0x0000041c   0x0000041c   0x00000030   Code   RO          123    i.CPU_TS_TmrInit    bsp.o
    0x0000044c   0x0000044c   0x0000000c   Code   RO          124    i.CPU_TS_TmrRd      bsp.o
    0x00000458   0x00000458   0x00000088   Code   RO          781    i.CSP_PM_CPU_ClkFreqGet  csp_pm.o
    0x000004e0   0x000004e0   0x00000012   Code   RO         1053    i.Mem_Clr           lib_mem.o
    0x000004f2   0x000004f2   0x00000002   PAD
    0x000004f4   0x000004f4   0x00000048   Code   RO         1057    i.Mem_Init          lib_mem.o
    0x0000053c   0x0000053c   0x00000062   Code   RO         1070    i.Mem_Set           lib_mem.o
    0x0000059e   0x0000059e   0x00000002   Code   RO         1324    i.OSCfg_Init        os_cfg_app.o
    0x000005a0   0x000005a0   0x00000002   Code   RO         2174    i.OSIdleTaskHook    os_cpu_c.o
    0x000005a2   0x000005a2   0x00000002   PAD
    0x000005a4   0x000005a4   0x00000100   Code   RO         1347    i.OSInit            os_core.o
    0x000006a4   0x000006a4   0x00000038   Code   RO         2175    i.OSInitHook        os_cpu_c.o
    0x000006dc   0x000006dc   0x000000e4   Code   RO         1349    i.OSIntExit         os_core.o
    0x000007c0   0x000007c0   0x000000a8   Code   RO         1350    i.OSSched           os_core.o
    0x00000868   0x00000868   0x00000068   Code   RO         1355    i.OSStart           os_core.o
    0x000008d0   0x000008d0   0x00000168   Code   RO         1891    i.OSTaskCreate      os_task.o
    0x00000a38   0x00000a38   0x00000002   Code   RO         2177    i.OSTaskCreateHook  os_cpu_c.o
    0x00000a3a   0x00000a3a   0x00000002   Code   RO         2179    i.OSTaskReturnHook  os_cpu_c.o
    0x00000a3c   0x00000a3c   0x000001c4   Code   RO         1900    i.OSTaskSemPend     os_task.o
    0x00000c00   0x00000c00   0x00000024   Code   RO         1902    i.OSTaskSemPost     os_task.o
    0x00000c24   0x00000c24   0x000000c0   Code   RO         2180    i.OSTaskStkInit     os_cpu_c.o
    0x00000ce4   0x00000ce4   0x00000054   Code   RO         2181    i.OSTaskSwHook      os_cpu_c.o
    0x00000d38   0x00000d38   0x000000c4   Code   RO         2089    i.OSTimeDly         os_time.o
    0x00000dfc   0x00000dfc   0x00000040   Code   RO         2094    i.OSTimeTick        os_time.o
    0x00000e3c   0x00000e3c   0x00000002   Code   RO         2182    i.OSTimeTickHook    os_cpu_c.o
    0x00000e3e   0x00000e3e   0x00000002   PAD
    0x00000e40   0x00000e40   0x00000038   Code   RO         2183    i.OS_CPU_SysTickHandler  os_cpu_c.o
    0x00000e78   0x00000e78   0x00000030   Code   RO         2184    i.OS_CPU_SysTickInit  os_cpu_c.o
    0x00000ea8   0x00000ea8   0x00000170   Code   RO         1575    i.OS_Dbg_Init       os_dbg.o
    0x00001018   0x00001018   0x00000018   Code   RO         1600    i.OS_FlagInit       os_flag.o
    0x00001030   0x00001030   0x00000038   Code   RO         1357    i.OS_IdleTask       os_core.o
    0x00001068   0x00001068   0x00000070   Code   RO         1358    i.OS_IdleTaskInit   os_core.o
    0x000010d8   0x000010d8   0x00000018   Code   RO         1684    i.OS_MemInit        os_mem.o
    0x000010f0   0x000010f0   0x0000005c   Code   RO         1716    i.OS_MsgPoolInit    os_msg.o
    0x0000114c   0x0000114c   0x0000000e   Code   RO         1719    i.OS_MsgQInit       os_msg.o
    0x0000115a   0x0000115a   0x00000002   PAD
    0x0000115c   0x0000115c   0x00000068   Code   RO         1359    i.OS_Pend           os_core.o
    0x000011c4   0x000011c4   0x00000026   Code   RO         1362    i.OS_PendDataInit   os_core.o
    0x000011ea   0x000011ea   0x00000002   PAD
    0x000011ec   0x000011ec   0x0000005c   Code   RO         1363    i.OS_PendDbgNameAdd  os_core.o
    0x00001248   0x00001248   0x00000024   Code   RO         1364    i.OS_PendDbgNameRemove  os_core.o
    0x0000126c   0x0000126c   0x00000066   Code   RO         1368    i.OS_PendListInsertPrio  os_core.o
    0x000012d2   0x000012d2   0x00000030   Code   RO         1369    i.OS_PendListRemove  os_core.o
    0x00001302   0x00001302   0x00000042   Code   RO         1370    i.OS_PendListRemove1  os_core.o
    0x00001344   0x00001344   0x000000c0   Code   RO         1373    i.OS_Post           os_core.o
    0x00001404   0x00001404   0x0000002a   Code   RO         1374    i.OS_Post1          os_core.o
    0x0000142e   0x0000142e   0x00000002   PAD
    0x00001430   0x00001430   0x00000028   Code   RO         1788    i.OS_PrioGetHighest  os_prio.o
    0x00001458   0x00001458   0x00000018   Code   RO         1789    i.OS_PrioInit       os_prio.o
    0x00001470   0x00001470   0x00000024   Code   RO         1790    i.OS_PrioInsert     os_prio.o
    0x00001494   0x00001494   0x00000024   Code   RO         1791    i.OS_PrioRemove     os_prio.o
    0x000014b8   0x000014b8   0x00000024   Code   RO         1375    i.OS_RdyListInit    os_core.o
    0x000014dc   0x000014dc   0x0000002c   Code   RO         1376    i.OS_RdyListInsert  os_core.o
    0x00001508   0x00001508   0x00000040   Code   RO         1377    i.OS_RdyListInsertHead  os_core.o
    0x00001548   0x00001548   0x0000003c   Code   RO         1378    i.OS_RdyListInsertTail  os_core.o
    0x00001584   0x00001584   0x00000044   Code   RO         1379    i.OS_RdyListMoveHeadToTail  os_core.o
    0x000015c8   0x000015c8   0x0000005c   Code   RO         1380    i.OS_RdyListRemove  os_core.o
    0x00001624   0x00001624   0x000000d0   Code   RO         1381    i.OS_SchedRoundRobin  os_core.o
    0x000016f4   0x000016f4   0x00000018   Code   RO         1837    i.OS_SemInit        os_sem.o
    0x0000170c   0x0000170c   0x00000038   Code   RO         1382    i.OS_TaskBlock      os_core.o
    0x00001744   0x00001744   0x00000030   Code   RO         1906    i.OS_TaskDbgListAdd  os_task.o
    0x00001774   0x00001774   0x00000020   Code   RO         1908    i.OS_TaskInit       os_task.o
    0x00001794   0x00001794   0x000000c0   Code   RO         1909    i.OS_TaskInitTCB    os_task.o
    0x00001854   0x00001854   0x0000001c   Code   RO         1383    i.OS_TaskRdy        os_core.o
    0x00001870   0x00001870   0x00000024   Code   RO         1912    i.OS_TaskReturn     os_task.o
    0x00001894   0x00001894   0x000001c4   Code   RO         1913    i.OS_TaskSemPost    os_task.o
    0x00001a58   0x00001a58   0x00000028   Code   RO         2041    i.OS_TickListInit   os_tick.o
    0x00001a80   0x00001a80   0x000001bc   Code   RO         2042    i.OS_TickListInsert  os_tick.o
    0x00001c3c   0x00001c3c   0x00000038   Code   RO         2043    i.OS_TickListRemove  os_tick.o
    0x00001c74   0x00001c74   0x00000188   Code   RO         2045    i.OS_TickListUpdate  os_tick.o
    0x00001dfc   0x00001dfc   0x0000002c   Code   RO         2046    i.OS_TickTask       os_tick.o
    0x00001e28   0x00001e28   0x000000b8   Code   RO         2047    i.OS_TickTaskInit   os_tick.o
    0x00001ee0   0x00001ee0   0x00000140   Code   RO         2864    i.SystemInit        system_lpc17xx.o
    0x00002020   0x00002020   0x00000044   Code   RO         2580    i.TIMER0_IRQHandler  irq_timer.o
    0x00002064   0x00002064   0x0000001c   Code   RO         2678    i.TIMER1_IRQHandler  irq_timer_1.o
    0x00002080   0x00002080   0x0000000c   Code   RO         2581    i.TIMER2_IRQHandler  irq_timer.o
    0x0000208c   0x0000208c   0x00000014   Code   RO         2582    i.TIMER3_IRQHandler  irq_timer.o
    0x000020a0   0x000020a0   0x0000003c   Code   RO         2629    i.enable_timer      lib_timer.o
    0x000020dc   0x000020dc   0x0000000c   Code   RO         2707    i.enable_timer1     lib_timer_1.o
    0x000020e8   0x000020e8   0x0000003c   Code   RO         2708    i.init_timer1       lib_timer_1.o
    0x00002124   0x00002124   0x0000009c   Code   RO            4    i.main              main.o
    0x000021c0   0x000021c0   0x00000010   Code   RO         2709    i.read_timer1       lib_timer_1.o
    0x000021d0   0x000021d0   0x000000a4   Data   RO         1326    .constdata          os_cfg_app.o
    0x00002274   0x00002274   0x0000016c   Data   RO         1576    .constdata          os_dbg.o
    0x000023e0   0x000023e0   0x00000030   Data   RO         3098    Region$$Table       anon$$obj.o


    Execution Region RW_IRAM1 (Exec base: 0x10000000, Load base: 0x00002410, Size: 0x00003c48, Max: 0x00008000, ABSOLUTE)

    Exec Addr    Load Addr    Size         Type   Attr      Idx    E Section Name        Object

    0x10000000        -       0x00003c48   Zero   RW         1071    .bss                lib_mem.o


    Execution Region RW_IRAM2 (Exec base: 0x2007c000, Load base: 0x00002410, Size: 0x00003050, Max: 0x00008000, ABSOLUTE, COMPRESSED[0x00000080])

    Exec Addr    Load Addr    Size         Type   Attr      Idx    E Section Name        Object

    0x2007c000   COMPRESSED   0x0000000c   Data   RW            6    .data               main.o
    0x2007c00c   COMPRESSED   0x00000004   Data   RW          510    .data               cpu_core.o
    0x2007c010   COMPRESSED   0x00000004   Data   RW         1072    .data               lib_mem.o
    0x2007c014   COMPRESSED   0x00000008   Data   RW         1792    .data               os_prio.o
    0x2007c01c   COMPRESSED   0x00000048   Data   RW         2139    .data               os_var.o
    0x2007c064   COMPRESSED   0x00000004   Data   RW         2185    .data               os_cpu_c.o
    0x2007c068   COMPRESSED   0x00000008   Data   RW         2256    .data               irq_adc.o
    0x2007c070   COMPRESSED   0x000000e8   Data   RW         2584    .data               irq_timer.o
    0x2007c158   COMPRESSED   0x000002a8   PAD
    0x2007c400        -       0x000000c0   Zero   RW          262    .bss                bsp_os.o
    0x2007c4c0        -       0x00000010   Zero   RW          508    .bss                cpu_core.o
    0x2007c4d0        -       0x000024a0   Zero   RW         1325    .bss                os_cfg_app.o
    0x2007e970        -       0x0000047c   Zero   RW         2138    .bss                os_var.o
    0x2007edec        -       0x00000060   Zero   RW         2970    .bss                c_w.l(libspace.o)
    0x2007ee4c   COMPRESSED   0x00000004   PAD
    0x2007ee50        -       0x00000000   Zero   RW         2851    HEAP                startup_lpc17xx.o
    0x2007ee50        -       0x00000200   Zero   RW         2850    STACK               startup_lpc17xx.o


==============================================================================

Image component sizes


      Code (inc. data)   RO Data    RW Data    ZI Data      Debug   Object Name

        88         18          0          0          0      38538   bsp.o
        76         10          0          0        192       2322   bsp_os.o
        52          0          0          0          0        724   cpu_a.o
       100         18          0          4         16      12006   cpu_core.o
       136         18          0          0          0        796   csp_pm.o
        36         14          0          8          0      17640   irq_adc.o
       100         22          0        232          0       2473   irq_timer.o
        28         10          0          0          0        448   irq_timer_1.o
         0          0          0          0          0      26471   lib_adc.o
       188         18          0          4      15432      13643   lib_mem.o
        60         12          0          0          0        503   lib_timer.o
        88         12          0          0          0       1640   lib_timer_1.o
       156         10          0         12          0      32171   main.o
         2          0        164          0       9376      18052   os_cfg_app.o
      2300        292          0          0          0      16103   os_core.o
       132         32          0          0          0        560   os_cpu_a.o
       444         36          0          4          0       6516   os_cpu_c.o
       368        240        364          0          0       4893   os_dbg.o
        24         10          0          0          0        966   os_flag.o
        24         10          0          0          0        957   os_mem.o
       106         12          0          0          0       1647   os_msg.o
       136         16          0          8          0       2866   os_prio.o
        24         10          0          0          0        961   os_sem.o
      1608         90          0          0          0       7043   os_task.o
      1160        108          0          0          0       4890   os_tick.o
       260         32          0          0          0       1817   os_time.o
         0          0          0         72       1148      16287   os_var.o
        80         30        204          0        512       1080   startup_lpc17xx.o
       320         18          0          0          0        597   system_lpc17xx.o

    ----------------------------------------------------------------------
      8108       1098        780        344      27356     234610   Object Totals
         0          0         48          0          0          0   (incl. Generated)
        12          0          0          0        680          0   (incl. Padding)

    ----------------------------------------------------------------------

      Code (inc. data)   RO Data    RW Data    ZI Data      Debug   Library Member Name

        90          0          0          0          0          0   __dczerorl2.o
         8          0          0          0          0         68   __main.o
         0          0          0          0          0          0   __rtentry.o
        12          0          0          0          0          0   __rtentry2.o
         6          0          0          0          0          0   __rtentry4.o
        52          8          0          0          0          0   __scatter.o
        28          0          0          0          0          0   __scatter_zi.o
        18          0          0          0          0         80   exit.o
         6          0          0          0          0        152   heapauxi.o
         0          0          0          0          0          0   indicate_semi.o
         2          0          0          0          0          0   libinit.o
         2          0          0          0          0          0   libinit2.o
         2          0          0          0          0          0   libshutdown.o
         2          0          0          0          0          0   libshutdown2.o
         8          4          0          0         96         68   libspace.o
         2          0          0          0          0          0   rtexit.o
        10          0          0          0          0          0   rtexit2.o
        12          4          0          0          0         68   sys_exit.o
        74          0          0          0          0         80   sys_stackheap_outer.o
         2          0          0          0          0         68   use_no_semi.o

    ----------------------------------------------------------------------
       344         16          0          0        100        584   Library Totals
         8          0          0          0          4          0   (incl. Padding)

    ----------------------------------------------------------------------

      Code (inc. data)   RO Data    RW Data    ZI Data      Debug   Library Name

       336         16          0          0         96        584   c_w.l

    ----------------------------------------------------------------------
       344         16          0          0        100        584   Library Totals

    ----------------------------------------------------------------------

==============================================================================


      Code (inc. data)   RO Data    RW Data    ZI Data      Debug   

      8452       1114        780        344      27456     230874   Grand Totals
      8452       1114        780        128      27456     230874   ELF Image Totals (compressed)
      8452       1114        780        128          0          0   ROM Totals

==============================================================================

    Total RO  Size (Code + RO Data)                 9232 (   9.02kB)
    Total RW  Size (RW Data + ZI Data)             27800 (  27.15kB)
    Total ROM Size (Code + RO Data + RW Data)       9360 (   9.14kB)

==============================================================================

